Component: ARM Compiler 5.06 update 7 (build 960) Tool: armlink [4d3601]

==============================================================================

Section Cross References

    startup_stm32f10x_md.o(STACK) refers (Special) to heapauxi.o(.text) for __use_two_region_memory
    startup_stm32f10x_md.o(HEAP) refers (Special) to heapauxi.o(.text) for __use_two_region_memory
    startup_stm32f10x_md.o(RESET) refers (Special) to heapauxi.o(.text) for __use_two_region_memory
    startup_stm32f10x_md.o(RESET) refers to startup_stm32f10x_md.o(STACK) for __initial_sp
    startup_stm32f10x_md.o(RESET) refers to startup_stm32f10x_md.o(.text) for Reset_Handler
    startup_stm32f10x_md.o(RESET) refers to stm32f10x_it.o(i.NMI_Handler) for NMI_Handler
    startup_stm32f10x_md.o(RESET) refers to stm32f10x_it.o(i.HardFault_Handler) for HardFault_Handler
    startup_stm32f10x_md.o(RESET) refers to stm32f10x_it.o(i.MemManage_Handler) for MemManage_Handler
    startup_stm32f10x_md.o(RESET) refers to stm32f10x_it.o(i.BusFault_Handler) for BusFault_Handler
    startup_stm32f10x_md.o(RESET) refers to stm32f10x_it.o(i.UsageFault_Handler) for UsageFault_Handler
    startup_stm32f10x_md.o(RESET) refers to stm32f10x_it.o(i.SVC_Handler) for SVC_Handler
    startup_stm32f10x_md.o(RESET) refers to stm32f10x_it.o(i.DebugMon_Handler) for DebugMon_Handler
    startup_stm32f10x_md.o(RESET) refers to stm32f10x_it.o(i.PendSV_Handler) for PendSV_Handler
    startup_stm32f10x_md.o(RESET) refers to stm32f10x_it.o(i.SysTick_Handler) for SysTick_Handler
    startup_stm32f10x_md.o(RESET) refers to main.o(i.TIM1_UP_IRQHandler) for TIM1_UP_IRQHandler
    startup_stm32f10x_md.o(RESET) refers to serial.o(i.USART1_IRQHandler) for USART1_IRQHandler
    startup_stm32f10x_md.o(.text) refers (Special) to heapauxi.o(.text) for __use_two_region_memory
    startup_stm32f10x_md.o(.text) refers to system_stm32f10x.o(i.SystemInit) for SystemInit
    startup_stm32f10x_md.o(.text) refers to __main.o(!!!main) for __main
    startup_stm32f10x_md.o(.text) refers to startup_stm32f10x_md.o(HEAP) for Heap_Mem
    startup_stm32f10x_md.o(.text) refers to startup_stm32f10x_md.o(STACK) for Stack_Mem
    system_stm32f10x.o(i.SetSysClock) refers to system_stm32f10x.o(i.SetSysClockTo72) for SetSysClockTo72
    system_stm32f10x.o(i.SystemCoreClockUpdate) refers to system_stm32f10x.o(.data) for SystemCoreClock
    system_stm32f10x.o(i.SystemInit) refers to system_stm32f10x.o(i.SetSysClock) for SetSysClock
    stm32f10x_adc.o(i.ADC_DeInit) refers to stm32f10x_rcc.o(i.RCC_APB2PeriphResetCmd) for RCC_APB2PeriphResetCmd
    stm32f10x_bkp.o(i.BKP_DeInit) refers to stm32f10x_rcc.o(i.RCC_BackupResetCmd) for RCC_BackupResetCmd
    stm32f10x_can.o(i.CAN_DeInit) refers to stm32f10x_rcc.o(i.RCC_APB1PeriphResetCmd) for RCC_APB1PeriphResetCmd
    stm32f10x_can.o(i.CAN_GetITStatus) refers to stm32f10x_can.o(i.CheckITStatus) for CheckITStatus
    stm32f10x_cec.o(i.CEC_DeInit) refers to stm32f10x_rcc.o(i.RCC_APB1PeriphResetCmd) for RCC_APB1PeriphResetCmd
    stm32f10x_dac.o(i.DAC_DeInit) refers to stm32f10x_rcc.o(i.RCC_APB1PeriphResetCmd) for RCC_APB1PeriphResetCmd
    stm32f10x_flash.o(i.FLASH_EnableWriteProtection) refers to stm32f10x_flash.o(i.FLASH_WaitForLastOperation) for FLASH_WaitForLastOperation
    stm32f10x_flash.o(i.FLASH_EraseAllBank1Pages) refers to stm32f10x_flash.o(i.FLASH_WaitForLastBank1Operation) for FLASH_WaitForLastBank1Operation
    stm32f10x_flash.o(i.FLASH_EraseAllPages) refers to stm32f10x_flash.o(i.FLASH_WaitForLastOperation) for FLASH_WaitForLastOperation
    stm32f10x_flash.o(i.FLASH_EraseOptionBytes) refers to stm32f10x_flash.o(i.FLASH_GetReadOutProtectionStatus) for FLASH_GetReadOutProtectionStatus
    stm32f10x_flash.o(i.FLASH_EraseOptionBytes) refers to stm32f10x_flash.o(i.FLASH_WaitForLastOperation) for FLASH_WaitForLastOperation
    stm32f10x_flash.o(i.FLASH_ErasePage) refers to stm32f10x_flash.o(i.FLASH_WaitForLastOperation) for FLASH_WaitForLastOperation
    stm32f10x_flash.o(i.FLASH_ProgramHalfWord) refers to stm32f10x_flash.o(i.FLASH_WaitForLastOperation) for FLASH_WaitForLastOperation
    stm32f10x_flash.o(i.FLASH_ProgramOptionByteData) refers to stm32f10x_flash.o(i.FLASH_WaitForLastOperation) for FLASH_WaitForLastOperation
    stm32f10x_flash.o(i.FLASH_ProgramWord) refers to stm32f10x_flash.o(i.FLASH_WaitForLastOperation) for FLASH_WaitForLastOperation
    stm32f10x_flash.o(i.FLASH_ReadOutProtection) refers to stm32f10x_flash.o(i.FLASH_WaitForLastOperation) for FLASH_WaitForLastOperation
    stm32f10x_flash.o(i.FLASH_UserOptionByteConfig) refers to stm32f10x_flash.o(i.FLASH_WaitForLastOperation) for FLASH_WaitForLastOperation
    stm32f10x_flash.o(i.FLASH_WaitForLastBank1Operation) refers to stm32f10x_flash.o(i.FLASH_GetBank1Status) for FLASH_GetBank1Status
    stm32f10x_flash.o(i.FLASH_WaitForLastOperation) refers to stm32f10x_flash.o(i.FLASH_GetBank1Status) for FLASH_GetBank1Status
[...]
    .text                                    0x080011c8   Section       16  rt_ctype_table.o(.text)
    .text                                    0x080011d8   Section        8  rt_locale_intlibspace.o(.text)
    .text                                    0x080011e0   Section        0  _printf_fp_infnan.o(.text)
    .text                                    0x08001260   Section        0  bigflt0.o(.text)
    .text                                    0x08001344   Section        0  exit.o(.text)
    .text                                    0x08001358   Section        0  sys_exit.o(.text)
    .text                                    0x08001364   Section        2  use_no_semi.o(.text)
    .text                                    0x08001366   Section        0  indicate_semi.o(.text)
    CL$$btod_d2e                             0x08001366   Section       62  btod.o(CL$$btod_d2e)
    CL$$btod_d2e_denorm_low                  0x080013a4   Section       70  btod.o(CL$$btod_d2e_denorm_low)
    CL$$btod_d2e_norm_op1                    0x080013ea   Section       96  btod.o(CL$$btod_d2e_norm_op1)
    CL$$btod_div_common                      0x0800144a   Section      824  btod.o(CL$$btod_div_common)
    CL$$btod_e2e                             0x08001782   Section      220  btod.o(CL$$btod_e2e)
    CL$$btod_ediv                            0x0800185e   Section       42  btod.o(CL$$btod_ediv)
    CL$$btod_emul                            0x08001888   Section       42  btod.o(CL$$btod_emul)
    CL$$btod_mult_common                     0x080018b2   Section      580  btod.o(CL$$btod_mult_common)
    i.BusFault_Handler                       0x08001af6   Section        0  stm32f10x_it.o(i.BusFault_Handler)
    i.DebugMon_Handler                       0x08001afa   Section        0  stm32f10x_it.o(i.DebugMon_Handler)
    i.Encoder_Get1                           0x08001afc   Section        0  encoder.o(i.Encoder_Get1)
    i.Encoder_Init                           0x08001b18   Section        0  encoder.o(i.Encoder_Init)
    i.GPIO_Init                              0x08001c50   Section        0  stm32f10x_gpio.o(i.GPIO_Init)
    i.GPIO_ReadInputDataBit                  0x08001d66   Section        0  stm32f10x_gpio.o(i.GPIO_ReadInputDataBit)
    i.GPIO_ResetBits                         0x08001d78   Section        0  stm32f10x_gpio.o(i.GPIO_ResetBits)
    i.GPIO_SetBits                           0x08001d7c   Section        0  stm32f10x_gpio.o(i.GPIO_SetBits)
    i.GPIO_WriteBit                          0x08001d80   Section        0  stm32f10x_gpio.o(i.GPIO_WriteBit)
    i.HardFault_Handler                      0x08001d8a   Section        0  stm32f10x_it.o(i.HardFault_Handler)
    i.Key_GetNum                             0x08001d90   Section        0  key.o(i.Key_GetNum)
    i.Key_GetState                           0x08001dac   Section        0  key.o(i.Key_GetState)
    i.Key_Init                               0x08001dc4   Section        0  key.o(i.Key_Init)
    i.Key_Tick                               0x08001df0   Section        0  key.o(i.Key_Tick)
    i.MemManage_Handler                      0x08001e40   Section        0  stm32f10x_it.o(i.MemManage_Handler)
    i.Motor1_SetPWM                          0x08001e44   Section        0  motor.o(i.Motor1_SetPWM)
    i.Motor_Init                             0x08001e8c   Section        0  motor.o(i.Motor_Init)
    i.NMI_Handler                            0x08001ed8   Section        0  stm32f10x_it.o(i.NMI_Handler)
    i.NVIC_Init                              0x08001edc   Section        0  misc.o(i.NVIC_Init)
    i.NVIC_PriorityGroupConfig               0x08001f4c   Section        0  misc.o(i.NVIC_PriorityGroupConfig)
    i.OLED_Clear                             0x08001f60   Section        0  oled.o(i.OLED_Clear)
    i.OLED_ClearArea                         0x08001f88   Section        0  oled.o(i.OLED_ClearArea)
    i.OLED_GPIO_Init                         0x08002018   Section        0  oled.o(i.OLED_GPIO_Init)
    i.OLED_I2C_SendByte                      0x08002078   Section        0  oled.o(i.OLED_I2C_SendByte)
    i.OLED_I2C_Start                         0x080020b6   Section        0  oled.o(i.OLED_I2C_Start)
    i.OLED_I2C_Stop                          0x080020d2   Section        0  oled.o(i.OLED_I2C_Stop)
    i.OLED_Init                              0x080020e8   Section        0  oled.o(i.OLED_Init)
    i.OLED_Printf                            0x08002182   Section        0  oled.o(i.OLED_Printf)
    i.OLED_SetCursor                         0x080021b4   Section        0  oled.o(i.OLED_SetCursor)
    i.OLED_ShowChar                          0x080021d8   Section        0  oled.o(i.OLED_ShowChar)
    i.OLED_ShowImage                         0x0800222c   Section        0  oled.o(i.OLED_ShowImage)
    i.OLED_ShowString                        0x08002328   Section        0  oled.o(i.OLED_ShowString)
    i.OLED_Update                            0x080024ec   Section        0  oled.o(i.OLED_Update)
    i.OLED_W_SCL                             0x08002514   Section        0  oled.o(i.OLED_W_SCL)
    i.OLED_W_SDA                             0x0800252c   Section        0  oled.o(i.OLED_W_SDA)
    i.OLED_WriteCommand                      0x08002544   Section        0  oled.o(i.OLED_WriteCommand)
    i.OLED_WriteData                         0x08002564   Section        0  oled.o(i.OLED_WriteData)
    i.PWM_Init                               0x08002594   Section        0  pwm.o(i.PWM_Init)
    i.PWM_SetCompare3                        0x0800264c   Section        0  pwm.o(i.PWM_SetCompare3)
    i.PendSV_Handler                         0x0800265c   Section        0  stm32f10x_it.o(i.PendSV_Handler)
    i.RCC_APB1PeriphClockCmd                 0x08002660   Section        0  stm32f10x_rcc.o(i.RCC_APB1PeriphClockCmd)
    i.RCC_APB2PeriphClockCmd                 0x08002680   Section        0  stm32f10x_rcc.o(i.RCC_APB2PeriphClockCmd)
    i.RCC_GetClocksFreq                      0x080026a0   Section        0  stm32f10x_rcc.o(i.RCC_GetClocksFreq)
    i.SVC_Handler                            0x08002774   Section        0  stm32f10x_it.o(i.SVC_Handler)
    i.Serial_Init                            0x08002778   Section        0  serial.o(i.Serial_Init)
    i.Serial_Printf                          0x08002830   Section        0  serial.o(i.Serial_Printf)
    i.Serial_SendByte                        0x08002854   Section        0  serial.o(i.Serial_SendByte)
    i.Serial_SendString                      0x08002874   Section        0  serial.o(i.Serial_SendString)
    i.SetSysClock                            0x0800288e   Section        0  system_stm32f10x.o(i.SetSysClock)
    SetSysClock                              0x0800288f   Thumb Code     8  system_stm32f10x.o(i.SetSysClock)
    i.SetSysClockTo72                        0x08002898   Section        0  system_stm32f10x.o(i.SetSysClockTo72)
    SetSysClockTo72                          0x08002899   Thumb Code   214  system_stm32f10x.o(i.SetSysClockTo72)
    i.SysTick_Handler                        0x08002978   Section        0  stm32f10x_it.o(i.SysTick_Handler)
    i.SystemInit                             0x0800297c   Section        0  system_stm32f10x.o(i.SystemInit)
    i.TI1_Config                             0x080029dc   Section        0  stm32f10x_tim.o(i.TI1_Config)
    TI1_Config                               0x080029dd   Thumb Code   108  stm32f10x_tim.o(i.TI1_Config)
    i.TI2_Config                             0x08002a5c   Section        0  stm32f10x_tim.o(i.TI2_Config)
    TI2_Config                               0x08002a5d   Thumb Code   130  stm32f10x_tim.o(i.TI2_Config)
    i.TI3_Config                             0x08002af4   Section        0  stm32f10x_tim.o(i.TI3_Config)
    TI3_Config                               0x08002af5   Thumb Code   122  stm32f10x_tim.o(i.TI3_Config)
    i.TI4_Config                             0x08002b84   Section        0  stm32f10x_tim.o(i.TI4_Config)
    TI4_Config                               0x08002b85   Thumb Code   130  stm32f10x_tim.o(i.TI4_Config)
    i.TIM1_UP_IRQHandler                     0x08002c1c   Section        0  main.o(i.TIM1_UP_IRQHandler)
    i.TIM_ClearFlag                          0x08002d74   Section        0  stm32f10x_tim.o(i.TIM_ClearFlag)
    i.TIM_ClearITPendingBit                  0x08002d7a   Section        0  stm32f10x_tim.o(i.TIM_ClearITPendingBit)
    i.TIM_Cmd                                0x08002d80   Section        0  stm32f10x_tim.o(i.TIM_Cmd)
    i.TIM_EncoderInterfaceConfig             0x08002d98   Section        0  stm32f10x_tim.o(i.TIM_EncoderInterfaceConfig)
    i.TIM_GetCounter                         0x08002dda   Section        0  stm32f10x_tim.o(i.TIM_GetCounter)
    i.TIM_GetITStatus                        0x08002de0   Section        0  stm32f10x_tim.o(i.TIM_GetITStatus)
    i.TIM_ICInit                             0x08002e04   Section        0  stm32f10x_tim.o(i.TIM_ICInit)
    i.TIM_ICStructInit                       0x08002eb0   Section        0  stm32f10x_tim.o(i.TIM_ICStructInit)
    i.TIM_ITConfig                           0x08002ec2   Section        0  stm32f10x_tim.o(i.TIM_ITConfig)
    i.TIM_InternalClockConfig                0x08002ed4   Section        0  stm32f10x_tim.o(i.TIM_InternalClockConfig)
    i.TIM_OC3Init                            0x08002ee0   Section        0  stm32f10x_tim.o(i.TIM_OC3Init)
    i.TIM_OC4Init                            0x08002f80   Section        0  stm32f10x_tim.o(i.TIM_OC4Init)
    i.TIM_OCStructInit                       0x08002ffc   Section        0  stm32f10x_tim.o(i.TIM_OCStructInit)
    i.TIM_SetCompare3                        0x08003010   Section        0  stm32f10x_tim.o(i.TIM_SetCompare3)
    i.TIM_SetCounter                         0x08003014   Section        0  stm32f10x_tim.o(i.TIM_SetCounter)
    i.TIM_SetIC1Prescaler                    0x08003018   Section        0  stm32f10x_tim.o(i.TIM_SetIC1Prescaler)
    i.TIM_SetIC2Prescaler                    0x0800302a   Section        0  stm32f10x_tim.o(i.TIM_SetIC2Prescaler)
    i.TIM_SetIC3Prescaler                    0x08003044   Section        0  stm32f10x_tim.o(i.TIM_SetIC3Prescaler)
    i.TIM_SetIC4Prescaler                    0x08003056   Section        0  stm32f10x_tim.o(i.TIM_SetIC4Prescaler)
    i.TIM_TimeBaseInit                       0x08003070   Section        0  stm32f10x_tim.o(i.TIM_TimeBaseInit)
    i.Timer_Init                             0x08003114   Section        0  timer.o(i.Timer_Init)
    i.USART1_IRQHandler                      0x08003190   Section        0  serial.o(i.USART1_IRQHandler)
    i.USART_ClearITPendingBit                0x08003230   Section        0  stm32f10x_usart.o(i.USART_ClearITPendingBit)
    i.USART_Cmd                              0x0800324e   Section        0  stm32f10x_usart.o(i.USART_Cmd)
    i.USART_GetFlagStatus                    0x08003266   Section        0  stm32f10x_usart.o(i.USART_GetFlagStatus)
    i.USART_GetITStatus                      0x08003280   Section        0  stm32f10x_usart.o(i.USART_GetITStatus)
    i.USART_ITConfig                         0x080032d4   Section        0  stm32f10x_usart.o(i.USART_ITConfig)
    i.USART_Init                             0x08003320   Section        0  stm32f10x_usart.o(i.USART_Init)
    i.USART_ReceiveData                      0x080033f8   Section        0  stm32f10x_usart.o(i.USART_ReceiveData)
    i.USART_SendData                         0x08003402   Section        0  stm32f10x_usart.o(i.USART_SendData)
    i.UsageFault_Handler                     0x0800340a   Section        0  stm32f10x_it.o(i.UsageFault_Handler)
    i.__ARM_fpclassify                       0x0800340e   Section        0  fpclassify.o(i.__ARM_fpclassify)
    i._is_digit                              0x08003436   Section        0  __printf_wp.o(i._is_digit)
    i.main                                   0x08003444   Section        0  main.o(i.main)
    locale$$code                             0x080035dc   Section       44  lc_numeric_c.o(locale$$code)
    locale$$code                             0x08003608   Section       44  lc_ctype_c.o(locale$$code)
    x$fpl$dretinf                            0x08003634   Section       12  dretinf.o(x$fpl$dretinf)
    x$fpl$f2d                                0x08003640   Section       86  f2d.o(x$fpl$f2d)
    x$fpl$fadd                               0x08003698   Section      196  faddsub_clz.o(x$fpl$fadd)
    _fadd1                                   0x080036a7   Thumb Code     0  faddsub_clz.o(x$fpl$fadd)
    x$fpl$fcmpinf                            0x0800375c   Section       24  fcmpi.o(x$fpl$fcmpinf)
    x$fpl$ffix                               0x08003774   Section       54  ffix.o(x$fpl$ffix)
    x$fpl$fflt                               0x080037ac   Section       48  fflt_clz.o(x$fpl$fflt)
    x$fpl$fleqf                              0x080037dc   Section      104  fleqf.o(x$fpl$fleqf)
    x$fpl$fmul                               0x08003844   Section      258  fmul.o(x$fpl$fmul)
    x$fpl$fnaninf                            0x08003946   Section      140  fnaninf.o(x$fpl$fnaninf)
    x$fpl$fretinf                            0x080039d2   Section       10  fretinf.o(x$fpl$fretinf)
    x$fpl$frleqf                             0x080039dc   Section       98  frleqf.o(x$fpl$frleqf)
    x$fpl$frsb                               0x08003a3e   Section       20  faddsub_clz.o(x$fpl$frsb)
    x$fpl$fsub                               0x08003a54   Section      234  faddsub_clz.o(x$fpl$fsub)
    _fsub1                                   0x08003a63   Thumb Code     0  faddsub_clz.o(x$fpl$fsub)
    x$fpl$printf1                            0x08003b3e   Section        4  printf1.o(x$fpl$printf1)
    x$fpl$printf2                            0x08003b42   Section        4  printf2.o(x$fpl$printf2)
    .constdata                               0x08003b46   Section     2381  oled_data.o(.constdata)
    x$fpl$usenofp                            0x08003b46   Section        0  usenofp.o(x$fpl$usenofp)
    .constdata                               0x08004494   Section        8  _printf_wctomb.o(.constdata)
    initial_mbstate                          0x08004494   Data           8  _printf_wctomb.o(.constdata)
    .constdata                               0x0800449c   Section       40  _printf_hex_int_ll_ptr.o(.constdata)
    uc_hextab                                0x0800449c   Data          20  _printf_hex_int_ll_ptr.o(.constdata)
    lc_hextab                                0x080044b0   Data          20  _printf_hex_int_ll_ptr.o(.constdata)
    .constdata                               0x080044c4   Section       17  __printf_flags_ss_wp.o(.constdata)
    maptable                                 0x080044c4   Data          17  __printf_flags_ss_wp.o(.constdata)
    .constdata                               0x080044d5   Section       38  _printf_fp_hex.o(.constdata)
    lc_hextab                                0x080044d5   Data          19  _printf_fp_hex.o(.constdata)
    uc_hextab                                0x080044e8   Data          19  _printf_fp_hex.o(.constdata)
    .constdata                               0x080044fc   Section      148  bigflt0.o(.constdata)
    tenpwrs_x                                0x080044fc   Data          60  bigflt0.o(.constdata)
    tenpwrs_i                                0x08004538   Data          64  bigflt0.o(.constdata)
    locale$$data                             0x080045b0   Section       28  lc_numeric_c.o(locale$$data)
    __lcnum_c_name                           0x080045b4   Data           2  lc_numeric_c.o(locale$$data)
    __lcnum_c_start                          0x080045bc   Data           0  lc_numeric_c.o(locale$$data)
    __lcnum_c_point                          0x080045c8   Data           0  lc_numeric_c.o(locale$$data)
    __lcnum_c_thousands                      0x080045ca   Data           0  lc_numeric_c.o(locale$$data)
    __lcnum_c_grouping                       0x080045cb   Data           0  lc_numeric_c.o(locale$$data)
    locale$$data                             0x080045cc   Section      272  lc_ctype_c.o(locale$$data)
    __lcnum_c_end                            0x080045cc   Data           0  lc_numeric_c.o(locale$$data)
    __lcctype_c_name                         0x080045d0   Data           2  lc_ctype_c.o(locale$$data)
    __lcctype_c_start                        0x080045d8   Data           0  lc_ctype_c.o(locale$$data)
    __lcctype_c_end                          0x080046dc   Data           0  lc_ctype_c.o(locale$$data)
    .data                                    0x20000000   Section       20  stm32f10x_rcc.o(.data)
    APBAHBPrescTable                         0x20000000   Data          16  stm32f10x_rcc.o(.data)
    ADCPrescTable                            0x20000010   Data           4  stm32f10x_rcc.o(.data)
    .data                                    0x20000014   Section        4  key.o(.data)
    Count                                    0x20000015   Data           1  key.o(.data)
    CurrState                                0x20000016   Data           1  key.o(.data)
    PrevState                                0x20000017   Data           1  key.o(.data)
    .data                                    0x20000018   Section        3  serial.o(.data)
    RxState                                  0x20000019   Data           1  serial.o(.data)
    pRxPacket                                0x2000001a   Data           1  serial.o(.data)
    .data                                    0x2000001c   Section       42  main.o(.data)
    count                                    0x20000044   Data           2  main.o(.data)
    .bss                                     0x20000048   Section     1024  oled.o(.bss)
    .bss                                     0x20000448   Section      100  serial.o(.bss)
    .bss                                     0x200004ac   Section       96  libspace.o(.bss)
    HEAP                                     0x20000510   Section      512  startup_stm32f10x_md.o(HEAP)
    Heap_Mem                                 0x20000510   Data         512  startup_stm32f10x_md.o(HEAP)
    STACK                                    0x20000710   Section     1024  startup_stm32f10x_md.o(STACK)
    Stack_Mem                                0x20000710   Data        1024  startup_stm32f10x_md.o(STACK)
    __initial_sp                             0x20000b10   Data           0  startup_stm32f10x_md.o(STACK)

    Global Symbols

    Symbol Name                              Value     Ov Type        Size  Object(Section)

    BuildAttributes$$THM_ISAv4$P$D$K$B$S$PE$A:L22UL41UL21$X:L11$S22US41US21$IEEE1$IW$USESV6$~STKCKD$USESV7$~SHL$OTIME$ROPI$IEEEX$EBA8$UX$STANDARDLIB$REQ8$PRES8$EABIv2 0x00000000   Number         0  anon$$obj.o ABSOLUTE
    __ARM_use_no_argv                        0x00000000   Number         0  main.o ABSOLUTE
    _printf_flags                            0x00000000   Number         0  printf_stubs.o ABSOLUTE
    _printf_return_value                     0x00000000   Number         0  printf_stubs.o ABSOLUTE
    _printf_sizespec                         0x00000000   Number         0  printf_stubs.o ABSOLUTE
    _printf_widthprec                        0x00000000   Number         0  printf_stubs.o ABSOLUTE
    __ARM_exceptions_init                     - Undefined Weak Reference
    __alloca_initialize                       - Undefined Weak Reference
    __arm_fini_                               - Undefined Weak Reference
    __arm_preinit_                            - Undefined Weak Reference
    __cpp_initialize__aeabi_                  - Undefined Weak Reference
    __cxa_finalize                            - Undefined Weak Reference
    __sigvec_lookup                           - Undefined Weak Reference
    _atexit_init                              - Undefined Weak Reference
    _call_atexit_fns                          - Undefined Weak Reference
    _clock_init                               - Undefined Weak Reference
    _fp_trap_init                             - Undefined Weak Reference
    _fp_trap_shutdown                         - Undefined Weak Reference
    _get_lc_collate                           - Undefined Weak Reference
    _get_lc_monetary                          - Undefined Weak Reference
    _get_lc_time                              - Undefined Weak Reference
    _getenv_init                              - Undefined Weak Reference
    _handle_redirection                       - Undefined Weak Reference
    _init_alloc                               - Undefined Weak Reference
    _init_user_alloc                          - Undefined Weak Reference
    _initio                                   - Undefined Weak Reference
    _printf_mbtowc                            - Undefined Weak Reference
    _printf_wc                                - Undefined Weak Reference
    _rand_init                                - Undefined Weak Reference
    _signal_finish                            - Undefined Weak Reference
    _signal_init                              - Undefined Weak Reference
    _terminate_alloc                          - Undefined Weak Reference
    _terminate_user_alloc                     - Undefined Weak Reference
    _terminateio                              - Undefined Weak Reference
    __Vectors_Size                           0x000000ec   Number         0  startup_stm32f10x_md.o ABSOLUTE
    __Vectors                                0x08000000   Data           4  startup_stm32f10x_md.o(RESET)
    __Vectors_End                            0x080000ec   Data           0  startup_stm32f10x_md.o(RESET)
    __main                                   0x080000ed   Thumb Code     8  __main.o(!!!main)
    __scatterload                            0x080000f5   Thumb Code     0  __scatter.o(!!!scatter)
    __scatterload_rt2                        0x080000f5   Thumb Code    44  __scatter.o(!!!scatter)
    __scatterload_rt2_thumb_only             0x080000f5   Thumb Code     0  __scatter.o(!!!scatter)
    __scatterload_null                       0x08000103   Thumb Code     0  __scatter.o(!!!scatter)
    __scatterload_copy                       0x08000129   Thumb Code    26  __scatter_copy.o(!!handler_copy)
    __scatterload_zeroinit                   0x08000145   Thumb Code    28  __scatter_zi.o(!!handler_zi)
    _printf_n                                0x08000161   Thumb Code     0  _printf_n.o(.ARM.Collect$$_printf_percent$$00000001)
    _printf_percent                          0x08000161   Thumb Code     0  _printf_percent.o(.ARM.Collect$$_printf_percent$$00000000)
    _printf_p                                0x08000167   Thumb Code     0  _printf_p.o(.ARM.Collect$$_printf_percent$$00000002)
    _printf_f                                0x0800016d   Thumb Code     0  _printf_f.o(.ARM.Collect$$_printf_percent$$00000003)
    _printf_e                                0x08000173   Thumb Code     0  _printf_e.o(.ARM.Collect$$_printf_percent$$00000004)
    _printf_g                                0x08000179   Thumb Code     0  _printf_g.o(.ARM.Collect$$_printf_percent$$00000005)
    _printf_a                                0x0800017f   Thumb Code     0  _printf_a.o(.ARM.Collect$$_printf_percent$$00000006)
    _printf_ll                               0x08000185   Thumb Code     0  _printf_ll.o(.ARM.Collect$$_printf_percent$$00000007)
    _printf_i                                0x0800018f   Thumb Code     0  _printf_i.o(.ARM.Collect$$_printf_percent$$00000008)
    _printf_d                                0x08000195   Thumb Code     0  _printf_d.o(.ARM.Collect$$_printf_percent$$00000009)
    _printf_u                                0x0800019b   Thumb Code     0  _printf_u.o(.ARM.Collect$$_printf_percent$$0000000A)
    _printf_o                                0x080001a1   Thumb Code     0  _printf_o.o(.ARM.Collect$$_printf_percent$$0000000B)
    _printf_x                                0x080001a7   Thumb Code     0  _printf_x.o(.ARM.Collect$$_printf_percent$$0000000C)
    _printf_lli                              0x080001ad   Thumb Code     0  _printf_lli.o(.ARM.Collect$$_printf_percent$$0000000D)
    _printf_lld                              0x080001b3   Thumb Code     0  _printf_lld.o(.ARM.Collect$$_printf_percent$$0000000E)
    _printf_llu                              0x080001b9   Thumb Code     0  _printf_llu.o(.ARM.Collect$$_printf_percent$$0000000F)
    _printf_llo                              0x080001bf   Thumb Code     0  _printf_llo.o(.ARM.Collect$$_printf_percent$$00000010)
    _printf_llx                              0x080001c5   Thumb Code     0  _printf_llx.o(.ARM.Collect$$_printf_percent$$00000011)
    _printf_l                                0x080001cb   Thumb Code     0  _printf_l.o(.ARM.Collect$$_printf_percent$$00000012)
    _printf_c                                0x080001d5   Thumb Code     0  _printf_c.o(.ARM.Collect$$_printf_percent$$00000013)
    _printf_s                                0x080001db   Thumb Code     0  _printf_s.o(.ARM.Collect$$_printf_percent$$00000014)
    _printf_lc                               0x080001e1   Thumb Code     0  _printf_lc.o(.ARM.Collect$$_printf_percent$$00000015)
    _printf_ls                               0x080001e7   Thumb Code     0  _printf_ls.o(.ARM.Collect$$_printf_percent$$00000016)
    _printf_percent_end                      0x080001ed   Thumb Code     0  _printf_percent_end.o(.ARM.Collect$$_printf_percent$$00000017)
    __rt_lib_init                            0x080001f1   Thumb Code     0  libinit.o(.ARM.Collect$$libinit$$00000000)
    __rt_lib_init_fp_1                       0x080001f3   Thumb Code     0  libinit2.o(.ARM.Collect$$libinit$$00000002)
    __rt_lib_init_heap_1                     0x080001f3   Thumb Code     0  libinit2.o(.ARM.Collect$$libinit$$0000000A)
    __rt_lib_init_lc_common                  0x080001f3   Thumb Code     0  libinit2.o(.ARM.Collect$$libinit$$0000000F)
    __rt_lib_init_preinit_1                  0x080001f3   Thumb Code     0  libinit2.o(.ARM.Collect$$libinit$$00000004)
    __rt_lib_init_rand_1                     0x080001f3   Thumb Code     0  libinit2.o(.ARM.Collect$$libinit$$0000000E)
    __rt_lib_init_user_alloc_1               0x080001f3   Thumb Code     0  libinit2.o(.ARM.Collect$$libinit$$0000000C)
    __rt_lib_init_lc_collate_1               0x080001f9   Thumb Code     0  libinit2.o(.ARM.Collect$$libinit$$00000011)
    __rt_lib_init_lc_ctype_2                 0x080001f9   Thumb Code     0  libinit2.o(.ARM.Collect$$libinit$$00000012)
    __rt_lib_init_lc_ctype_1                 0x08000205   Thumb Code     0  libinit2.o(.ARM.Collect$$libinit$$00000013)
    __rt_lib_init_lc_monetary_1              0x08000205   Thumb Code     0  libinit2.o(.ARM.Collect$$libinit$$00000015)
    __rt_lib_init_lc_numeric_2               0x08000205   Thumb Code     0  libinit2.o(.ARM.Collect$$libinit$$00000016)
    __rt_lib_init_alloca_1                   0x0800020f   Thumb Code     0  libinit2.o(.ARM.Collect$$libinit$$0000002E)
    __rt_lib_init_argv_1                     0x0800020f   Thumb Code     0  libinit2.o(.ARM.Collect$$libinit$$0000002C)
    __rt_lib_init_atexit_1                   0x0800020f   Thumb Code     0  libinit2.o(.ARM.Collect$$libinit$$0000001B)
    __rt_lib_init_clock_1                    0x0800020f   Thumb Code     0  libinit2.o(.ARM.Collect$$libinit$$00000021)
    __rt_lib_init_cpp_1                      0x0800020f   Thumb Code     0  libinit2.o(.ARM.Collect$$libinit$$00000032)
    __rt_lib_init_exceptions_1               0x0800020f   Thumb Code     0  libinit2.o(.ARM.Collect$$libinit$$00000030)
    __rt_lib_init_fp_trap_1                  0x0800020f   Thumb Code     0  libinit2.o(.ARM.Collect$$libinit$$0000001F)
    __rt_lib_init_getenv_1                   0x0800020f   Thumb Code     0  libinit2.o(.ARM.Collect$$libinit$$00000023)
    __rt_lib_init_lc_numeric_1               0x0800020f   Thumb Code     0  libinit2.o(.ARM.Collect$$libinit$$00000017)
    __rt_lib_init_lc_time_1                  0x0800020f   Thumb Code     0  libinit2.o(.ARM.Collect$$libinit$$00000019)
    __rt_lib_init_return                     0x0800020f   Thumb Code     0  libinit2.o(.ARM.Collect$$libinit$$00000033)
    __rt_lib_init_signal_1                   0x0800020f   Thumb Code     0  libinit2.o(.ARM.Collect$$libinit$$0000001D)
    __rt_lib_init_stdio_1                    0x0800020f   Thumb Code     0  libinit2.o(.ARM.Collect$$libinit$$00000025)
    __rt_lib_shutdown                        0x08000211   Thumb Code     0  libshutdown.o(.ARM.Collect$$libshutdown$$00000000)
    __rt_lib_shutdown_cpp_1                  0x08000213   Thumb Code     0  libshutdown2.o(.ARM.Collect$$libshutdown$$00000004)
    __rt_lib_shutdown_fini_1                 0x08000213   Thumb Code     0  libshutdown2.o(.ARM.Collect$$libshutdown$$00000002)
    __rt_lib_shutdown_fp_trap_1              0x08000213   Thumb Code     0  libshutdown2.o(.ARM.Collect$$libshutdown$$00000009)
    __rt_lib_shutdown_heap_1                 0x08000213   Thumb Code     0  libshutdown2.o(.ARM.Collect$$libshutdown$$00000011)
    __rt_lib_shutdown_return                 0x08000213   Thumb Code     0  libshutdown2.o(.ARM.Collect$$libshutdown$$00000012)
    __rt_lib_shutdown_signal_1               0x08000213   Thumb Code     0  libshutdown2.o(.ARM.Collect$$libshutdown$$0000000C)
    __rt_lib_shutdown_stdio_1                0x08000213   Thumb Code     0  libshutdown2.o(.ARM.Collect$$libshutdown$$00000006)
    __rt_lib_shutdown_user_alloc_1           0x08000213   Thumb Code     0  libshutdown2.o(.ARM.Collect$$libshutdown$$0000000E)
    __rt_entry                               0x08000215   Thumb Code     0  __rtentry.o(.ARM.Collect$$rtentry$$00000000)
    __rt_entry_presh_1                       0x08000215   Thumb Code     0  __rtentry2.o(.ARM.Collect$$rtentry$$00000002)
    __rt_entry_sh                            0x08000215   Thumb Code     0  __rtentry4.o(.ARM.Collect$$rtentry$$00000004)
    __rt_entry_li                            0x0800021b   Thumb Code     0  __rtentry2.o(.ARM.Collect$$rtentry$$0000000A)
    __rt_entry_postsh_1                      0x0800021b   Thumb Code     0  __rtentry2.o(.ARM.Collect$$rtentry$$00000009)
    __rt_entry_main                          0x0800021f   Thumb Code     0  __rtentry2.o(.ARM.Collect$$rtentry$$0000000D)
    __rt_entry_postli_1                      0x0800021f   Thumb Code     0  __rtentry2.o(.ARM.Collect$$rtentry$$0000000C)
    __rt_exit                                0x08000227   Thumb Code     0  rtexit.o(.ARM.Collect$$rtexit$$00000000)
    __rt_exit_ls                             0x08000229   Thumb Code     0  rtexit2.o(.ARM.Collect$$rtexit$$00000003)
    __rt_exit_prels_1                        0x08000229   Thumb Code     0  rtexit2.o(.ARM.Collect$$rtexit$$00000002)
    __rt_exit_exit                           0x0800022d   Thumb Code     0  rtexit2.o(.ARM.Collect$$rtexit$$00000004)
    Reset_Handler                            0x08000235   Thumb Code     8  startup_stm32f10x_md.o(.text)
    ADC1_2_IRQHandler                        0x0800024f   Thumb Code     0  startup_stm32f10x_md.o(.text)
    CAN1_RX1_IRQHandler                      0x0800024f   Thumb Code     0  startup_stm32f10x_md.o(.text)
    CAN1_SCE_IRQHandler                      0x0800024f   Thumb Code     0  startup_stm32f10x_md.o(.text)
    DMA1_Channel1_IRQHandler                 0x0800024f   Thumb Code     0  startup_stm32f10x_md.o(.text)
    DMA1_Channel2_IRQHandler                 0x0800024f   Thumb Code     0  startup_stm32f10x_md.o(.text)
    DMA1_Channel3_IRQHandler                 0x0800024f   Thumb Code     0  startup_stm32f10x_md.o(.text)
    DMA1_Channel4_IRQHandler                 0x0800024f   Thumb Code     0  startup_stm32f10x_md.o(.text)
    DMA1_Channel5_IRQHandler                 0x0800024f   Thumb Code     0  startup_stm32f10x_md.o(.text)
    DMA1_Channel6_IRQHandler                 0x0800024f   Thumb Code     0  startup_stm32f10x_md.o(.text)
    DMA1_Channel7_IRQHandler                 0x0800024f   Thumb Code     0  startup_stm32f10x_md.o(.text)
    EXTI0_IRQHandler                         0x0800024f   Thumb Code     0  startup_stm32f10x_md.o(.text)
    EXTI15_10_IRQHandler                     0x0800024f   Thumb Code     0  startup_stm32f10x_md.o(.text)
    EXTI1_IRQHandler                         0x0800024f   Thumb Code     0  startup_stm32f10x_md.o(.text)
    EXTI2_IRQHandler                         0x0800024f   Thumb Code     0  startup_stm32f10x_md.o(.text)
    EXTI3_IRQHandler                         0x0800024f   Thumb Code     0  startup_stm32f10x_md.o(.text)
    EXTI4_IRQHandler                         0x0800024f   Thumb Code     0  startup_stm32f10x_md.o(.text)
    EXTI9_5_IRQHandler                       0x0800024f   Thumb Code     0  startup_stm32f10x_md.o(.text)
    FLASH_IRQHandler                         0x0800024f   Thumb Code     0  startup_stm32f10x_md.o(.text)
    I2C1_ER_IRQHandler                       0x0800024f   Thumb Code     0  startup_stm32f10x_md.o(.text)
    I2C1_EV_IRQHandler                       0x0800024f   Thumb Code     0  startup_stm32f10x_md.o(.text)
    I2C2_ER_IRQHandler                       0x0800024f   Thumb Code     0  startup_stm32f10x_md.o(.text)
    I2C2_EV_IRQHandler                       0x0800024f   Thumb Code     0  startup_stm32f10x_md.o(.text)
    PVD_IRQHandler                           0x0800024f   Thumb Code     0  startup_stm32f10x_md.o(.text)
    RCC_IRQHandler                           0x0800024f   Thumb Code     0  startup_stm32f10x_md.o(.text)
    RTCAlarm_IRQHandler                      0x0800024f   Thumb Code     0  startup_stm32f10x_md.o(.text)
    RTC_IRQHandler                           0x0800024f   Thumb Code     0  startup_stm32f10x_md.o(.text)
    SPI1_IRQHandler                          0x0800024f   Thumb Code     0  startup_stm32f10x_md.o(.text)
    SPI2_IRQHandler                          0x0800024f   Thumb Code     0  startup_stm32f10x_md.o(.text)
    TAMPER_IRQHandler                        0x0800024f   Thumb Code     0  startup_stm32f10x_md.o(.text)
    TIM1_BRK_IRQHandler                      0x0800024f   Thumb Code     0  startup_stm32f10x_md.o(.text)
    TIM1_CC_IRQHandler                       0x0800024f   Thumb Code     0  startup_stm32f10x_md.o(.text)
    TIM1_TRG_COM_IRQHandler                  0x0800024f   Thumb Code     0  startup_stm32f10x_md.o(.text)
    TIM2_IRQHandler                          0x0800024f   Thumb Code     0  startup_stm32f10x_md.o(.text)
    TIM3_IRQHandler                          0x0800024f   Thumb Code     0  startup_stm32f10x_md.o(.text)
    TIM4_IRQHandler                          0x0800024f   Thumb Code     0  startup_stm32f10x_md.o(.text)
    USART2_IRQHandler                        0x0800024f   Thumb Code     0  startup_stm32f10x_md.o(.text)
    USART3_IRQHandler                        0x0800024f   Thumb Code     0  startup_stm32f10x_md.o(.text)
    USBWakeUp_IRQHandler                     0x0800024f   Thumb Code     0  startup_stm32f10x_md.o(.text)
    USB_HP_CAN1_TX_IRQHandler                0x0800024f   Thumb Code     0  startup_stm32f10x_md.o(.text)
    USB_LP_CAN1_RX0_IRQHandler               0x0800024f   Thumb Code     0  startup_stm32f10x_md.o(.text)
    WWDG_IRQHandler                          0x0800024f   Thumb Code     0  startup_stm32f10x_md.o(.text)
    __user_initial_stackheap                 0x08000251   Thumb Code     0  startup_stm32f10x_md.o(.text)
    vsprintf                                 0x08000275   Thumb Code    32  vsprintf.o(.text)
    strcmp                                   0x08000299   Thumb Code   128  strcmpv7m.o(.text)
    __use_two_region_memory                  0x08000319   Thumb Code     2  heapauxi.o(.text)
    __rt_heap_escrow$2region                 0x0800031b   Thumb Code     2  heapauxi.o(.text)
    __rt_heap_expand$2region                 0x0800031d   Thumb Code     2  heapauxi.o(.text)
    _printf_pre_padding                      0x0800031f   Thumb Code    44  _printf_pad.o(.text)
    _printf_post_padding                     0x0800034b   Thumb Code    34  _printf_pad.o(.text)
    _printf_truncate_signed                  0x0800036d   Thumb Code    18  _printf_truncate.o(.text)
    _printf_truncate_unsigned                0x0800037f   Thumb Code    18  _printf_truncate.o(.text)
    _printf_str                              0x08000391   Thumb Code    82  _printf_str.o(.text)
    _printf_int_dec                          0x080003e5   Thumb Code   104  _printf_dec.o(.text)
    _printf_charcount                        0x0800045d   Thumb Code    40  _printf_charcount.o(.text)
    _printf_char_common                      0x0800048f   Thumb Code    32  _printf_char_common.o(.text)
    _sputc                                   0x080004b5   Thumb Code    10  _sputc.o(.text)
    _printf_wctomb                           0x080004c1   Thumb Code   182  _printf_wctomb.o(.text)
    _printf_longlong_dec                     0x0800057d   Thumb Code   108  _printf_longlong_dec.o(.text)
    _printf_longlong_oct                     0x080005f9   Thumb Code    66  _printf_oct_int_ll.o(.text)
    _printf_int_oct                          0x0800063b   Thumb Code    24  _printf_oct_int_ll.o(.text)
    _printf_ll_oct                           0x08000653   Thumb Code    12  _printf_oct_int_ll.o(.text)
    _printf_longlong_hex                     0x08000669   Thumb Code    86  _printf_hex_int_ll_ptr.o(.text)
    _printf_int_hex                          0x080006bf   Thumb Code    28  _printf_hex_int_ll_ptr.o(.text)
    _printf_ll_hex                           0x080006db   Thumb Code    12  _printf_hex_int_ll_ptr.o(.text)
    _printf_hex_ptr                          0x080006e7   Thumb Code    18  _printf_hex_int_ll_ptr.o(.text)
    __printf                                 0x080006fd   Thumb Code   388  __printf_flags_ss_wp.o(.text)
    _ll_udiv10                               0x08000885   Thumb Code   138  lludiv10.o(.text)
    _printf_int_common                       0x0800090f   Thumb Code   178  _printf_intcommon.o(.text)
    __lib_sel_fp_printf                      0x080009c1   Thumb Code     2  _printf_fp_dec.o(.text)
    _printf_fp_dec_real                      0x08000b73   Thumb Code   620  _printf_fp_dec.o(.text)
    _printf_fp_hex_real                      0x08000de1   Thumb Code   756  _printf_fp_hex.o(.text)
    _printf_cs_common                        0x080010dd   Thumb Code    20  _printf_char.o(.text)
    _printf_char                             0x080010f1   Thumb Code    16  _printf_char.o(.text)
    _printf_string                           0x08001101   Thumb Code     8  _printf_char.o(.text)
    _printf_lcs_common                       0x08001109   Thumb Code    20  _printf_wchar.o(.text)
    _printf_wchar                            0x0800111d   Thumb Code    16  _printf_wchar.o(.text)
    _printf_wstring                          0x0800112d   Thumb Code     8  _printf_wchar.o(.text)
    _wcrtomb                                 0x08001135   Thumb Code    64  _wcrtomb.o(.text)
    __user_libspace                          0x08001175   Thumb Code     8  libspace.o(.text)
    __user_perproc_libspace                  0x08001175   Thumb Code     0  libspace.o(.text)
    __user_perthread_libspace                0x08001175   Thumb Code     0  libspace.o(.text)
    __user_setup_stackheap                   0x0800117d   Thumb Code    74  sys_stackheap_outer.o(.text)
    __rt_ctype_table                         0x080011c9   Thumb Code    16  rt_ctype_table.o(.text)
    __rt_locale                              0x080011d9   Thumb Code     8  rt_locale_intlibspace.o(.text)
    _printf_fp_infnan                        0x080011e1   Thumb Code   112  _printf_fp_infnan.o(.text)
    _btod_etento                             0x08001261   Thumb Code   224  bigflt0.o(.text)
    exit                                     0x08001345   Thumb Code    18  exit.o(.text)
    _sys_exit                                0x08001359   Thumb Code     8  sys_exit.o(.text)
    __I$use$semihosting                      0x08001365   Thumb Code     0  use_no_semi.o(.text)
    __use_no_semihosting_swi                 0x08001365   Thumb Code     2  use_no_semi.o(.text)
    __semihosting_library_function           0x08001367   Thumb Code     0  indicate_semi.o(.text)
    _btod_d2e                                0x08001367   Thumb Code    62  btod.o(CL$$btod_d2e)
    _d2e_denorm_low                          0x080013a5   Thumb Code    70  btod.o(CL$$btod_d2e_denorm_low)
    _d2e_norm_op1                            0x080013eb   Thumb Code    96  btod.o(CL$$btod_d2e_norm_op1)
    __btod_div_common                        0x0800144b   Thumb Code   696  btod.o(CL$$btod_div_common)
    _e2e                                     0x08001783   Thumb Code   220  btod.o(CL$$btod_e2e)
    _btod_ediv                               0x0800185f   Thumb Code    42  btod.o(CL$$btod_ediv)
    _btod_emul                               0x08001889   Thumb Code    42  btod.o(CL$$btod_emul)
    __btod_mult_common                       0x080018b3   Thumb Code   580  btod.o(CL$$btod_mult_common)
    BusFault_Handler                         0x08001af7   Thumb Code     4  stm32f10x_it.o(i.BusFault_Handler)
    DebugMon_Handler                         0x08001afb   Thumb Code     2  stm32f10x_it.o(i.DebugMon_Handler)
    Encoder_Get1                             0x08001afd   Thumb Code    22  encoder.o(i.Encoder_Get1)
    Encoder_Init                             0x08001b19   Thumb Code   296  encoder.o(i.Encoder_Init)
    GPIO_Init                                0x08001c51   Thumb Code   278  stm32f10x_gpio.o(i.GPIO_Init)
    GPIO_ReadInputDataBit                    0x08001d67   Thumb Code    18  stm32f10x_gpio.o(i.GPIO_ReadInputDataBit)
    GPIO_ResetBits                           0x08001d79   Thumb Code     4  stm32f10x_gpio.o(i.GPIO_ResetBits)
    GPIO_SetBits                             0x08001d7d   Thumb Code     4  stm32f10x_gpio.o(i.GPIO_SetBits)
    GPIO_WriteBit                            0x08001d81   Thumb Code    10  stm32f10x_gpio.o(i.GPIO_WriteBit)
    HardFault_Handler                        0x08001d8b   Thumb Code     4  stm32f10x_it.o(i.HardFault_Handler)
    Key_GetNum                               0x08001d91   Thumb Code    24  key.o(i.Key_GetNum)
    Key_GetState                             0x08001dad   Thumb Code    20  key.o(i.Key_GetState)
    Key_Init                                 0x08001dc5   Thumb Code    38  key.o(i.Key_Init)
    Key_Tick                                 0x08001df1   Thumb Code    62  key.o(i.Key_Tick)
    MemManage_Handler                        0x08001e41   Thumb Code     4  stm32f10x_it.o(i.MemManage_Handler)
    Motor1_SetPWM                            0x08001e45   Thumb Code    66  motor.o(i.Motor1_SetPWM)
    Motor_Init                               0x08001e8d   Thumb Code    72  motor.o(i.Motor_Init)
    NMI_Handler                              0x08001ed9   Thumb Code     2  stm32f10x_it.o(i.NMI_Handler)
    NVIC_Init                                0x08001edd   Thumb Code   100  misc.o(i.NVIC_Init)
    NVIC_PriorityGroupConfig                 0x08001f4d   Thumb Code    10  misc.o(i.NVIC_PriorityGroupConfig)
    OLED_Clear                               0x08001f61   Thumb Code    36  oled.o(i.OLED_Clear)
    OLED_ClearArea                           0x08001f89   Thumb Code   140  oled.o(i.OLED_ClearArea)
    OLED_GPIO_Init                           0x08002019   Thumb Code    92  oled.o(i.OLED_GPIO_Init)
    OLED_I2C_SendByte                        0x08002079   Thumb Code    62  oled.o(i.OLED_I2C_SendByte)
    OLED_I2C_Start                           0x080020b7   Thumb Code    28  oled.o(i.OLED_I2C_Start)
    OLED_I2C_Stop                            0x080020d3   Thumb Code    22  oled.o(i.OLED_I2C_Stop)
    OLED_Init                                0x080020e9   Thumb Code   154  oled.o(i.OLED_Init)
    OLED_Printf                              0x08002183   Thumb Code    50  oled.o(i.OLED_Printf)
    OLED_SetCursor                           0x080021b5   Thumb Code    34  oled.o(i.OLED_SetCursor)
    OLED_ShowChar                            0x080021d9   Thumb Code    74  oled.o(i.OLED_ShowChar)
    OLED_ShowImage                           0x0800222d   Thumb Code   248  oled.o(i.OLED_ShowImage)
    OLED_ShowString                          0x08002329   Thumb Code   442  oled.o(i.OLED_ShowString)
    OLED_Update                              0x080024ed   Thumb Code    36  oled.o(i.OLED_Update)
    OLED_W_SCL                               0x08002515   Thumb Code    18  oled.o(i.OLED_W_SCL)
    OLED_W_SDA                               0x0800252d   Thumb Code    18  oled.o(i.OLED_W_SDA)
    OLED_WriteCommand                        0x08002545   Thumb Code    32  oled.o(i.OLED_WriteCommand)
    OLED_WriteData                           0x08002565   Thumb Code    46  oled.o(i.OLED_WriteData)
    PWM_Init                                 0x08002595   Thumb Code   180  pwm.o(i.PWM_Init)
    PWM_SetCompare3                          0x0800264d   Thumb Code    16  pwm.o(i.PWM_SetCompare3)
    PendSV_Handler                           0x0800265d   Thumb Code     2  stm32f10x_it.o(i.PendSV_Handler)
    RCC_APB1PeriphClockCmd                   0x08002661   Thumb Code    26  stm32f10x_rcc.o(i.RCC_APB1PeriphClockCmd)
    RCC_APB2PeriphClockCmd                   0x08002681   Thumb Code    26  stm32f10x_rcc.o(i.RCC_APB2PeriphClockCmd)
    RCC_GetClocksFreq                        0x080026a1   Thumb Code   192  stm32f10x_rcc.o(i.RCC_GetClocksFreq)
    SVC_Handler                              0x08002775   Thumb Code     2  stm32f10x_it.o(i.SVC_Handler)
    Serial_Init                              0x08002779   Thumb Code   174  serial.o(i.Serial_Init)
    Serial_Printf                            0x08002831   Thumb Code    36  serial.o(i.Serial_Printf)
    Serial_SendByte                          0x08002855   Thumb Code    28  serial.o(i.Serial_SendByte)
    Serial_SendString                        0x08002875   Thumb Code    26  serial.o(i.Serial_SendString)
    SysTick_Handler                          0x08002979   Thumb Code     2  stm32f10x_it.o(i.SysTick_Handler)
    SystemInit                               0x0800297d   Thumb Code    78  system_stm32f10x.o(i.SystemInit)
    TIM1_UP_IRQHandler                       0x08002c1d   Thumb Code   290  main.o(i.TIM1_UP_IRQHandler)
    TIM_ClearFlag                            0x08002d75   Thumb Code     6  stm32f10x_tim.o(i.TIM_ClearFlag)
    TIM_ClearITPendingBit                    0x08002d7b   Thumb Code     6  stm32f10x_tim.o(i.TIM_ClearITPendingBit)
    TIM_Cmd                                  0x08002d81   Thumb Code    24  stm32f10x_tim.o(i.TIM_Cmd)
    TIM_EncoderInterfaceConfig               0x08002d99   Thumb Code    66  stm32f10x_tim.o(i.TIM_EncoderInterfaceConfig)
    TIM_GetCounter                           0x08002ddb   Thumb Code     6  stm32f10x_tim.o(i.TIM_GetCounter)
    TIM_GetITStatus                          0x08002de1   Thumb Code    34  stm32f10x_tim.o(i.TIM_GetITStatus)
    TIM_ICInit                               0x08002e05   Thumb Code   150  stm32f10x_tim.o(i.TIM_ICInit)
    TIM_ICStructInit                         0x08002eb1   Thumb Code    18  stm32f10x_tim.o(i.TIM_ICStructInit)
    TIM_ITConfig                             0x08002ec3   Thumb Code    18  stm32f10x_tim.o(i.TIM_ITConfig)
    TIM_InternalClockConfig                  0x08002ed5   Thumb Code    12  stm32f10x_tim.o(i.TIM_InternalClockConfig)
    TIM_OC3Init                              0x08002ee1   Thumb Code   150  stm32f10x_tim.o(i.TIM_OC3Init)
    TIM_OC4Init                              0x08002f81   Thumb Code   114  stm32f10x_tim.o(i.TIM_OC4Init)
    TIM_OCStructInit                         0x08002ffd   Thumb Code    20  stm32f10x_tim.o(i.TIM_OCStructInit)
    TIM_SetCompare3                          0x08003011   Thumb Code     4  stm32f10x_tim.o(i.TIM_SetCompare3)
    TIM_SetCounter                           0x08003015   Thumb Code     4  stm32f10x_tim.o(i.TIM_SetCounter)
    TIM_SetIC1Prescaler                      0x08003019   Thumb Code    18  stm32f10x_tim.o(i.TIM_SetIC1Prescaler)
    TIM_SetIC2Prescaler                      0x0800302b   Thumb Code    26  stm32f10x_tim.o(i.TIM_SetIC2Prescaler)
    TIM_SetIC3Prescaler                      0x08003045   Thumb Code    18  stm32f10x_tim.o(i.TIM_SetIC3Prescaler)
    TIM_SetIC4Prescaler                      0x08003057   Thumb Code    26  stm32f10x_tim.o(i.TIM_SetIC4Prescaler)
    TIM_TimeBaseInit                         0x08003071   Thumb Code   122  stm32f10x_tim.o(i.TIM_TimeBaseInit)
    Timer_Init                               0x08003115   Thumb Code   120  timer.o(i.Timer_Init)
    USART1_IRQHandler                        0x08003191   Thumb Code   140  serial.o(i.USART1_IRQHandler)
    USART_ClearITPendingBit                  0x08003231   Thumb Code    30  stm32f10x_usart.o(i.USART_ClearITPendingBit)
    USART_Cmd                                0x0800324f   Thumb Code    24  stm32f10x_usart.o(i.USART_Cmd)
    USART_GetFlagStatus                      0x08003267   Thumb Code    26  stm32f10x_usart.o(i.USART_GetFlagStatus)
    USART_GetITStatus                        0x08003281   Thumb Code    84  stm32f10x_usart.o(i.USART_GetITStatus)
    USART_ITConfig                           0x080032d5   Thumb Code    74  stm32f10x_usart.o(i.USART_ITConfig)
    USART_Init                               0x08003321   Thumb Code   210  stm32f10x_usart.o(i.USART_Init)
    USART_ReceiveData                        0x080033f9   Thumb Code    10  stm32f10x_usart.o(i.USART_ReceiveData)
    USART_SendData                           0x08003403   Thumb Code     8  stm32f10x_usart.o(i.USART_SendData)
    UsageFault_Handler                       0x0800340b   Thumb Code     4  stm32f10x_it.o(i.UsageFault_Handler)
    __ARM_fpclassify                         0x0800340f   Thumb Code    40  fpclassify.o(i.__ARM_fpclassify)
    _is_digit                                0x08003437   Thumb Code    14  __printf_wp.o(i._is_digit)
    main                                     0x08003445   Thumb Code   272  main.o(i.main)
    _get_lc_numeric                          0x080035dd   Thumb Code    44  lc_numeric_c.o(locale$$code)
    _get_lc_ctype                            0x08003609   Thumb Code    44  lc_ctype_c.o(locale$$code)
    __fpl_dretinf                            0x08003635   Thumb Code    12  dretinf.o(x$fpl$dretinf)
    __aeabi_f2d                              0x08003641   Thumb Code     0  f2d.o(x$fpl$f2d)
    _f2d                                     0x08003641   Thumb Code    86  f2d.o(x$fpl$f2d)
    __aeabi_fadd                             0x08003699   Thumb Code     0  faddsub_clz.o(x$fpl$fadd)
    _fadd                                    0x08003699   Thumb Code   196  faddsub_clz.o(x$fpl$fadd)
    __fpl_fcmp_Inf                           0x0800375d   Thumb Code    24  fcmpi.o(x$fpl$fcmpinf)
    __aeabi_f2iz                             0x08003775   Thumb Code     0  ffix.o(x$fpl$ffix)
    _ffix                                    0x08003775   Thumb Code    54  ffix.o(x$fpl$ffix)
    __aeabi_i2f                              0x080037ad   Thumb Code     0  fflt_clz.o(x$fpl$fflt)
    _fflt                                    0x080037ad   Thumb Code    48  fflt_clz.o(x$fpl$fflt)
    __aeabi_cfcmple                          0x080037dd   Thumb Code     0  fleqf.o(x$fpl$fleqf)
    _fcmple                                  0x080037dd   Thumb Code   104  fleqf.o(x$fpl$fleqf)
    __fpl_fcmple_InfNaN                      0x0800382f   Thumb Code     0  fleqf.o(x$fpl$fleqf)
    __aeabi_fmul                             0x08003845   Thumb Code     0  fmul.o(x$fpl$fmul)
    _fmul                                    0x08003845   Thumb Code   258  fmul.o(x$fpl$fmul)
    __fpl_fnaninf                            0x08003947   Thumb Code   140  fnaninf.o(x$fpl$fnaninf)
    __fpl_fretinf                            0x080039d3   Thumb Code    10  fretinf.o(x$fpl$fretinf)
    __aeabi_cfrcmple                         0x080039dd   Thumb Code     0  frleqf.o(x$fpl$frleqf)
    _frcmple                                 0x080039dd   Thumb Code    98  frleqf.o(x$fpl$frleqf)
    __aeabi_frsub                            0x08003a3f   Thumb Code     0  faddsub_clz.o(x$fpl$frsb)
    _frsb                                    0x08003a3f   Thumb Code    20  faddsub_clz.o(x$fpl$frsb)
    __aeabi_fsub                             0x08003a55   Thumb Code     0  faddsub_clz.o(x$fpl$fsub)
    _fsub                                    0x08003a55   Thumb Code   234  faddsub_clz.o(x$fpl$fsub)
    _printf_fp_dec                           0x08003b3f   Thumb Code     4  printf1.o(x$fpl$printf1)
    _printf_fp_hex                           0x08003b43   Thumb Code     4  printf2.o(x$fpl$printf2)
    OLED_F8x16                               0x08003b46   Data        1520  oled_data.o(.constdata)
    __I$use$fp                               0x08003b46   Number         0  usenofp.o(x$fpl$usenofp)
    OLED_F6x8                                0x08004136   Data         570  oled_data.o(.constdata)
    OLED_CF16x16                             0x08004370   Data         259  oled_data.o(.constdata)
    Diode                                    0x08004473   Data          32  oled_data.o(.constdata)
    Region$$Table$$Base                      0x08004590   Number         0  anon$$obj.o(Region$$Table)
    Region$$Table$$Limit                     0x080045b0   Number         0  anon$$obj.o(Region$$Table)
    __ctype                                  0x080045d9   Data           0  lc_ctype_c.o(locale$$data)
    Key_Num                                  0x20000014   Data           1  key.o(.data)
    Serial_RxFlag                            0x20000018   Data           1  serial.o(.data)
    keynum                                   0x2000001c   Data           1  main.o(.data)
    Target                                   0x20000020   Data           4  main.o(.data)
    Actual                                   0x20000024   Data           4  main.o(.data)
    Out                                      0x20000028   Data           4  main.o(.data)
    kp                                       0x2000002c   Data           4  main.o(.data)
    ki                                       0x20000030   Data           4  main.o(.data)
    kd                                       0x20000034   Data           4  main.o(.data)
    Error0                                   0x20000038   Data           4  main.o(.data)
    Error1                                   0x2000003c   Data           4  main.o(.data)
    Error2                                   0x20000040   Data           4  main.o(.data)
    OLED_DisplayBuf                          0x20000048   Data        1024  oled.o(.bss)
    Serial_RxPacket                          0x20000448   Data         100  serial.o(.bss)
    __libspace_start                         0x200004ac   Data          96  libspace.o(.bss)
    __temporary_stack_top$libspace           0x2000050c   Data           0  libspace.o(.bss)



==============================================================================

Memory Map of the image

  Image Entry point : 0x080000ed

  Load Region LR_IROM1 (Base: 0x08000000, Size: 0x00004724, Max: 0x00010000, ABSOLUTE)

    Execution Region ER_IROM1 (Exec base: 0x08000000, Load base: 0x08000000, Size: 0x000046dc, Max: 0x00010000, ABSOLUTE)

    Exec Addr    Load Addr    Size         Type   Attr      Idx    E Section Name        Object

    0x08000000   0x08000000   0x000000ec   Data   RO            3    RESET               startup_stm32f10x_md.o
    0x080000ec   0x080000ec   0x00000008   Code   RO         3821  * !!!main             c_w.l(__main.o)
    0x080000f4   0x080000f4   0x00000034   Code   RO         4266    !!!scatter          c_w.l(__scatter.o)
    0x08000128   0x08000128   0x0000001a   Code   RO         4268    !!handler_copy      c_w.l(__scatter_copy.o)
    0x08000142   0x08000142   0x00000002   PAD
    0x08000144   0x08000144   0x0000001c   Code   RO         4270    !!handler_zi        c_w.l(__scatter_zi.o)
    0x08000160   0x08000160   0x00000000   Code   RO         3973    .ARM.Collect$$_printf_percent$$00000000  c_w.l(_printf_percent.o)
    0x08000160   0x08000160   0x00000006   Code   RO         3962    .ARM.Collect$$_printf_percent$$00000001  c_w.l(_printf_n.o)
    0x08000166   0x08000166   0x00000006   Code   RO         3964    .ARM.Collect$$_printf_percent$$00000002  c_w.l(_printf_p.o)
    0x0800016c   0x0800016c   0x00000006   Code   RO         3969    .ARM.Collect$$_printf_percent$$00000003  c_w.l(_printf_f.o)
    0x08000172   0x08000172   0x00000006   Code   RO         3970    .ARM.Collect$$_printf_percent$$00000004  c_w.l(_printf_e.o)
    0x08000178   0x08000178   0x00000006   Code   RO         3971    .ARM.Collect$$_printf_percent$$00000005  c_w.l(_printf_g.o)
    0x0800017e   0x0800017e   0x00000006   Code   RO         3972    .ARM.Collect$$_printf_percent$$00000006  c_w.l(_printf_a.o)
    0x08000184   0x08000184   0x0000000a   Code   RO         3977    .ARM.Collect$$_printf_percent$$00000007  c_w.l(_printf_ll.o)
    0x0800018e   0x0800018e   0x00000006   Code   RO         3966    .ARM.Collect$$_printf_percent$$00000008  c_w.l(_printf_i.o)
    0x08000194   0x08000194   0x00000006   Code   RO         3967    .ARM.Collect$$_printf_percent$$00000009  c_w.l(_printf_d.o)
    0x0800019a   0x0800019a   0x00000006   Code   RO         3968    .ARM.Collect$$_printf_percent$$0000000A  c_w.l(_printf_u.o)
    0x080001a0   0x080001a0   0x00000006   Code   RO         3965    .ARM.Collect$$_printf_percent$$0000000B  c_w.l(_printf_o.o)
    0x080001a6   0x080001a6   0x00000006   Code   RO         3963    .ARM.Collect$$_printf_percent$$0000000C  c_w.l(_printf_x.o)
    0x080001ac   0x080001ac   0x00000006   Code   RO         3974    .ARM.Collect$$_printf_percent$$0000000D  c_w.l(_printf_lli.o)
    0x080001b2   0x080001b2   0x00000006   Code   RO         3975    .ARM.Collect$$_printf_percent$$0000000E  c_w.l(_printf_lld.o)
    0x080001b8   0x080001b8   0x00000006   Code   RO         3976    .ARM.Collect$$_printf_percent$$0000000F  c_w.l(_printf_llu.o)
    0x080001be   0x080001be   0x00000006   Code   RO         3981    .ARM.Collect$$_printf_percent$$00000010  c_w.l(_printf_llo.o)
    0x080001c4   0x080001c4   0x00000006   Code   RO         3982    .ARM.Collect$$_printf_percent$$00000011  c_w.l(_printf_llx.o)
    0x080001ca   0x080001ca   0x0000000a   Code   RO         3978    .ARM.Collect$$_printf_percent$$00000012  c_w.l(_printf_l.o)
    0x080001d4   0x080001d4   0x00000006   Code   RO         3960    .ARM.Collect$$_printf_percent$$00000013  c_w.l(_printf_c.o)
    0x080001da   0x080001da   0x00000006   Code   RO         3961    .ARM.Collect$$_printf_percent$$00000014  c_w.l(_printf_s.o)
    0x080001e0   0x080001e0   0x00000006   Code   RO         3979    .ARM.Collect$$_printf_percent$$00000015  c_w.l(_printf_lc.o)
    0x080001e6   0x080001e6   0x00000006   Code   RO         3980    .ARM.Collect$$_printf_percent$$00000016  c_w.l(_printf_ls.o)
    0x080001ec   0x080001ec   0x00000004   Code   RO         4068    .ARM.Collect$$_printf_percent$$00000017  c_w.l(_printf_percent_end.o)
    0x080001f0   0x080001f0   0x00000002   Code   RO         4126    .ARM.Collect$$libinit$$00000000  c_w.l(libinit.o)
    0x080001f2   0x080001f2   0x00000000   Code   RO         4137    .ARM.Collect$$libinit$$00000002  c_w.l(libinit2.o)
    0x080001f2   0x080001f2   0x00000000   Code   RO         4139    .ARM.Collect$$libinit$$00000004  c_w.l(libinit2.o)
    0x080001f2   0x080001f2   0x00000000   Code   RO         4142    .ARM.Collect$$libinit$$0000000A  c_w.l(libinit2.o)
    0x080001f2   0x080001f2   0x00000000   Code   RO         4144    .ARM.Collect$$libinit$$0000000C  c_w.l(libinit2.o)
    0x080001f2   0x080001f2   0x00000000   Code   RO         4146    .ARM.Collect$$libinit$$0000000E  c_w.l(libinit2.o)
    0x080001f2   0x080001f2   0x00000006   Code   RO         4147    .ARM.Collect$$libinit$$0000000F  c_w.l(libinit2.o)
    0x080001f8   0x080001f8   0x00000000   Code   RO         4149    .ARM.Collect$$libinit$$00000011  c_w.l(libinit2.o)
    0x080001f8   0x080001f8   0x0000000c   Code   RO         4150    .ARM.Collect$$libinit$$00000012  c_w.l(libinit2.o)
    0x08000204   0x08000204   0x00000000   Code   RO         4151    .ARM.Collect$$libinit$$00000013  c_w.l(libinit2.o)
    0x08000204   0x08000204   0x00000000   Code   RO         4153    .ARM.Collect$$libinit$$00000015  c_w.l(libinit2.o)
    0x08000204   0x08000204   0x0000000a   Code   RO         4154    .ARM.Collect$$libinit$$00000016  c_w.l(libinit2.o)
    0x0800020e   0x0800020e   0x00000000   Code   RO         4155    .ARM.Collect$$libinit$$00000017  c_w.l(libinit2.o)
    0x0800020e   0x0800020e   0x00000000   Code   RO         4157    .ARM.Collect$$libinit$$00000019  c_w.l(libinit2.o)
    0x0800020e   0x0800020e   0x00000000   Code   RO         4159    .ARM.Collect$$libinit$$0000001B  c_w.l(libinit2.o)
    0x0800020e   0x0800020e   0x00000000   Code   RO         4161    .ARM.Collect$$libinit$$0000001D  c_w.l(libinit2.o)
    0x0800020e   0x0800020e   0x00000000   Code   RO         4163    .ARM.Collect$$libinit$$0000001F  c_w.l(libinit2.o)
    0x0800020e   0x0800020e   0x00000000   Code   RO         4165    .ARM.Collect$$libinit$$00000021  c_w.l(libinit2.o)
    0x0800020e   0x0800020e   0x00000000   Code   RO         4167    .ARM.Collect$$libinit$$00000023  c_w.l(libinit2.o)
    0x0800020e   0x0800020e   0x00000000   Code   RO         4169    .ARM.Collect$$libinit$$00000025  c_w.l(libinit2.o)
    0x0800020e   0x0800020e   0x00000000   Code   RO         4173    .ARM.Collect$$libinit$$0000002C  c_w.l(libinit2.o)
    0x0800020e   0x0800020e   0x00000000   Code   RO         4175    .ARM.Collect$$libinit$$0000002E  c_w.l(libinit2.o)
    0x0800020e   0x0800020e   0x00000000   Code   RO         4177    .ARM.Collect$$libinit$$00000030  c_w.l(libinit2.o)
    0x0800020e   0x0800020e   0x00000000   Code   RO         4179    .ARM.Collect$$libinit$$00000032  c_w.l(libinit2.o)
    0x0800020e   0x0800020e   0x00000002   Code   RO         4180    .ARM.Collect$$libinit$$00000033  c_w.l(libinit2.o)
    0x08000210   0x08000210   0x00000002   Code   RO         4204    .ARM.Collect$$libshutdown$$00000000  c_w.l(libshutdown.o)
    0x08000212   0x08000212   0x00000000   Code   RO         4217    .ARM.Collect$$libshutdown$$00000002  c_w.l(libshutdown2.o)
    0x08000212   0x08000212   0x00000000   Code   RO         4219    .ARM.Collect$$libshutdown$$00000004  c_w.l(libshutdown2.o)
    0x08000212   0x08000212   0x00000000   Code   RO         4221    .ARM.Collect$$libshutdown$$00000006  c_w.l(libshutdown2.o)
    0x08000212   0x08000212   0x00000000   Code   RO         4224    .ARM.Collect$$libshutdown$$00000009  c_w.l(libshutdown2.o)
    0x08000212   0x08000212   0x00000000   Code   RO         4227    .ARM.Collect$$libshutdown$$0000000C  c_w.l(libshutdown2.o)
    0x08000212   0x08000212   0x00000000   Code   RO         4229    .ARM.Collect$$libshutdown$$0000000E  c_w.l(libshutdown2.o)
    0x08000212   0x08000212   0x00000000   Code   RO         4232    .ARM.Collect$$libshutdown$$00000011  c_w.l(libshutdown2.o)
    0x08000212   0x08000212   0x00000002   Code   RO         4233    .ARM.Collect$$libshutdown$$00000012  c_w.l(libshutdown2.o)
    0x08000214   0x08000214   0x00000000   Code   RO         3889    .ARM.Collect$$rtentry$$00000000  c_w.l(__rtentry.o)
    0x08000214   0x08000214   0x00000000   Code   RO         4034    .ARM.Collect$$rtentry$$00000002  c_w.l(__rtentry2.o)
    0x08000214   0x08000214   0x00000006   Code   RO         4046    .ARM.Collect$$rtentry$$00000004  c_w.l(__rtentry4.o)
    0x0800021a   0x0800021a   0x00000000   Code   RO         4036    .ARM.Collect$$rtentry$$00000009  c_w.l(__rtentry2.o)
    0x0800021a   0x0800021a   0x00000004   Code   RO         4037    .ARM.Collect$$rtentry$$0000000A  c_w.l(__rtentry2.o)
    0x0800021e   0x0800021e   0x00000000   Code   RO         4039    .ARM.Collect$$rtentry$$0000000C  c_w.l(__rtentry2.o)
    0x0800021e   0x0800021e   0x00000008   Code   RO         4040    .ARM.Collect$$rtentry$$0000000D  c_w.l(__rtentry2.o)
    0x08000226   0x08000226   0x00000002   Code   RO         4131    .ARM.Collect$$rtexit$$00000000  c_w.l(rtexit.o)
    0x08000228   0x08000228   0x00000000   Code   RO         4184    .ARM.Collect$$rtexit$$00000002  c_w.l(rtexit2.o)
    0x08000228   0x08000228   0x00000004   Code   RO         4185    .ARM.Collect$$rtexit$$00000003  c_w.l(rtexit2.o)
    0x0800022c   0x0800022c   0x00000006   Code   RO         4186    .ARM.Collect$$rtexit$$00000004  c_w.l(rtexit2.o)
    0x08000232   0x08000232   0x00000002   PAD
    0x08000234   0x08000234   0x00000040   Code   RO            4    .text               startup_stm32f10x_md.o
    0x08000274   0x08000274   0x00000024   Code   RO         3815    .text               c_w.l(vsprintf.o)
    0x08000298   0x08000298   0x00000080   Code   RO         3817    .text               c_w.l(strcmpv7m.o)
    0x08000318   0x08000318   0x00000006   Code   RO         3819    .text               c_w.l(heapauxi.o)
    0x0800031e   0x0800031e   0x0000004e   Code   RO         3894    .text               c_w.l(_printf_pad.o)
    0x0800036c   0x0800036c   0x00000024   Code   RO         3896    .text               c_w.l(_printf_truncate.o)
    0x08000390   0x08000390   0x00000052   Code   RO         3898    .text               c_w.l(_printf_str.o)
    0x080003e2   0x080003e2   0x00000002   PAD
    0x080003e4   0x080003e4   0x00000078   Code   RO         3900    .text               c_w.l(_printf_dec.o)
    0x0800045c   0x0800045c   0x00000028   Code   RO         3902    .text               c_w.l(_printf_charcount.o)
    0x08000484   0x08000484   0x00000030   Code   RO         3904    .text               c_w.l(_printf_char_common.o)
    0x080004b4   0x080004b4   0x0000000a   Code   RO         3906    .text               c_w.l(_sputc.o)
    0x080004be   0x080004be   0x00000002   PAD
    0x080004c0   0x080004c0   0x000000bc   Code   RO         3908    .text               c_w.l(_printf_wctomb.o)
    0x0800057c   0x0800057c   0x0000007c   Code   RO         3911    .text               c_w.l(_printf_longlong_dec.o)
    0x080005f8   0x080005f8   0x00000070   Code   RO         3917    .text               c_w.l(_printf_oct_int_ll.o)
    0x08000668   0x08000668   0x00000094   Code   RO         3937    .text               c_w.l(_printf_hex_int_ll_ptr.o)
    0x080006fc   0x080006fc   0x00000188   Code   RO         3957    .text               c_w.l(__printf_flags_ss_wp.o)
    0x08000884   0x08000884   0x0000008a   Code   RO         4053    .text               c_w.l(lludiv10.o)
    0x0800090e   0x0800090e   0x000000b2   Code   RO         4055    .text               c_w.l(_printf_intcommon.o)
    0x080009c0   0x080009c0   0x0000041e   Code   RO         4057    .text               c_w.l(_printf_fp_dec.o)
    0x08000dde   0x08000dde   0x00000002   PAD
    0x08000de0   0x08000de0   0x000002fc   Code   RO         4059    .text               c_w.l(_printf_fp_hex.o)
    0x080010dc   0x080010dc   0x0000002c   Code   RO         4064    .text               c_w.l(_printf_char.o)
    0x08001108   0x08001108   0x0000002c   Code   RO         4066    .text               c_w.l(_printf_wchar.o)
    0x08001134   0x08001134   0x00000040   Code   RO         4069    .text               c_w.l(_wcrtomb.o)
    0x08001174   0x08001174   0x00000008   Code   RO         4077    .text               c_w.l(libspace.o)
    0x0800117c   0x0800117c   0x0000004a   Code   RO         4080    .text               c_w.l(sys_stackheap_outer.o)
    0x080011c6   0x080011c6   0x00000002   PAD
    0x080011c8   0x080011c8   0x00000010   Code   RO         4082    .text               c_w.l(rt_ctype_table.o)
    0x080011d8   0x080011d8   0x00000008   Code   RO         4087    .text               c_w.l(rt_locale_intlibspace.o)
    0x080011e0   0x080011e0   0x00000080   Code   RO         4089    .text               c_w.l(_printf_fp_infnan.o)
    0x08001260   0x08001260   0x000000e4   Code   RO         4091    .text               c_w.l(bigflt0.o)
    0x08001344   0x08001344   0x00000012   Code   RO         4119    .text               c_w.l(exit.o)
    0x08001356   0x08001356   0x00000002   PAD
    0x08001358   0x08001358   0x0000000c   Code   RO         4196    .text               c_w.l(sys_exit.o)
    0x08001364   0x08001364   0x00000002   Code   RO         4207    .text               c_w.l(use_no_semi.o)
    0x08001366   0x08001366   0x00000000   Code   RO         4209    .text               c_w.l(indicate_semi.o)
    0x08001366   0x08001366   0x0000003e   Code   RO         4094    CL$$btod_d2e        c_w.l(btod.o)
    0x080013a4   0x080013a4   0x00000046   Code   RO         4096    CL$$btod_d2e_denorm_low  c_w.l(btod.o)
    0x080013ea   0x080013ea   0x00000060   Code   RO         4095    CL$$btod_d2e_norm_op1  c_w.l(btod.o)
    0x0800144a   0x0800144a   0x00000338   Code   RO         4104    CL$$btod_div_common  c_w.l(btod.o)
    0x08001782   0x08001782   0x000000dc   Code   RO         4101    CL$$btod_e2e        c_w.l(btod.o)
    0x0800185e   0x0800185e   0x0000002a   Code   RO         4098    CL$$btod_ediv       c_w.l(btod.o)
    0x08001888   0x08001888   0x0000002a   Code   RO         4097    CL$$btod_emul       c_w.l(btod.o)
    0x080018b2   0x080018b2   0x00000244   Code   RO         4103    CL$$btod_mult_common  c_w.l(btod.o)
    0x08001af6   0x08001af6   0x00000004   Code   RO         3750    i.BusFault_Handler  stm32f10x_it.o
    0x08001afa   0x08001afa   0x00000002   Code   RO         3751    i.DebugMon_Handler  stm32f10x_it.o
    0x08001afc   0x08001afc   0x0000001c   Code   RO         3607    i.Encoder_Get1      encoder.o
    0x08001b18   0x08001b18   0x00000138   Code   RO         3609    i.Encoder_Init      encoder.o
    0x08001c50   0x08001c50   0x00000116   Code   RO         1347    i.GPIO_Init         stm32f10x_gpio.o
    0x08001d66   0x08001d66   0x00000012   Code   RO         1351    i.GPIO_ReadInputDataBit  stm32f10x_gpio.o
    0x08001d78   0x08001d78   0x00000004   Code   RO         1354    i.GPIO_ResetBits    stm32f10x_gpio.o
    0x08001d7c   0x08001d7c   0x00000004   Code   RO         1355    i.GPIO_SetBits      stm32f10x_gpio.o
    0x08001d80   0x08001d80   0x0000000a   Code   RO         1358    i.GPIO_WriteBit     stm32f10x_gpio.o
    0x08001d8a   0x08001d8a   0x00000004   Code   RO         3752    i.HardFault_Handler  stm32f10x_it.o
    0x08001d8e   0x08001d8e   0x00000002   PAD
    0x08001d90   0x08001d90   0x0000001c   Code   RO         3256    i.Key_GetNum        key.o
    0x08001dac   0x08001dac   0x00000018   Code   RO         3257    i.Key_GetState      key.o
    0x08001dc4   0x08001dc4   0x0000002c   Code   RO         3258    i.Key_Init          key.o
    0x08001df0   0x08001df0   0x00000050   Code   RO         3259    i.Key_Tick          key.o
    0x08001e40   0x08001e40   0x00000004   Code   RO         3753    i.MemManage_Handler  stm32f10x_it.o
    0x08001e44   0x08001e44   0x00000048   Code   RO         3580    i.Motor1_SetPWM     motor.o
    0x08001e8c   0x08001e8c   0x0000004c   Code   RO         3582    i.Motor_Init        motor.o
    0x08001ed8   0x08001ed8   0x00000002   Code   RO         3754    i.NMI_Handler       stm32f10x_it.o
    0x08001eda   0x08001eda   0x00000002   PAD
    0x08001edc   0x08001edc   0x00000070   Code   RO          137    i.NVIC_Init         misc.o
    0x08001f4c   0x08001f4c   0x00000014   Code   RO          138    i.NVIC_PriorityGroupConfig  misc.o
    0x08001f60   0x08001f60   0x00000028   Code   RO         3322    i.OLED_Clear        oled.o
    0x08001f88   0x08001f88   0x00000090   Code   RO         3323    i.OLED_ClearArea    oled.o
    0x08002018   0x08002018   0x00000060   Code   RO         3331    i.OLED_GPIO_Init    oled.o
    0x08002078   0x08002078   0x0000003e   Code   RO         3333    i.OLED_I2C_SendByte  oled.o
    0x080020b6   0x080020b6   0x0000001c   Code   RO         3334    i.OLED_I2C_Start    oled.o
    0x080020d2   0x080020d2   0x00000016   Code   RO         3335    i.OLED_I2C_Stop     oled.o
    0x080020e8   0x080020e8   0x0000009a   Code   RO         3336    i.OLED_Init         oled.o
    0x08002182   0x08002182   0x00000032   Code   RO         3339    i.OLED_Printf       oled.o
    0x080021b4   0x080021b4   0x00000022   Code   RO         3342    i.OLED_SetCursor    oled.o
    0x080021d6   0x080021d6   0x00000002   PAD
    0x080021d8   0x080021d8   0x00000054   Code   RO         3344    i.OLED_ShowChar     oled.o
    0x0800222c   0x0800222c   0x000000fc   Code   RO         3347    i.OLED_ShowImage    oled.o
    0x08002328   0x08002328   0x000001c4   Code   RO         3350    i.OLED_ShowString   oled.o
    0x080024ec   0x080024ec   0x00000028   Code   RO         3351    i.OLED_Update       oled.o
    0x08002514   0x08002514   0x00000018   Code   RO         3353    i.OLED_W_SCL        oled.o
    0x0800252c   0x0800252c   0x00000018   Code   RO         3354    i.OLED_W_SDA        oled.o
    0x08002544   0x08002544   0x00000020   Code   RO         3355    i.OLED_WriteCommand  oled.o
    0x08002564   0x08002564   0x0000002e   Code   RO         3356    i.OLED_WriteData    oled.o
    0x08002592   0x08002592   0x00000002   PAD
    0x08002594   0x08002594   0x000000b8   Code   RO         3232    i.PWM_Init          pwm.o
    0x0800264c   0x0800264c   0x00000010   Code   RO         3233    i.PWM_SetCompare3   pwm.o
    0x0800265c   0x0800265c   0x00000002   Code   RO         3755    i.PendSV_Handler    stm32f10x_it.o
    0x0800265e   0x0800265e   0x00000002   PAD
    0x08002660   0x08002660   0x00000020   Code   RO         1775    i.RCC_APB1PeriphClockCmd  stm32f10x_rcc.o
    0x08002680   0x08002680   0x00000020   Code   RO         1777    i.RCC_APB2PeriphClockCmd  stm32f10x_rcc.o
    0x080026a0   0x080026a0   0x000000d4   Code   RO         1785    i.RCC_GetClocksFreq  stm32f10x_rcc.o
    0x08002774   0x08002774   0x00000002   Code   RO         3756    i.SVC_Handler       stm32f10x_it.o
    0x08002776   0x08002776   0x00000002   PAD
    0x08002778   0x08002778   0x000000b8   Code   RO         3631    i.Serial_Init       serial.o
    0x08002830   0x08002830   0x00000024   Code   RO         3633    i.Serial_Printf     serial.o
    0x08002854   0x08002854   0x00000020   Code   RO         3635    i.Serial_SendByte   serial.o
    0x08002874   0x08002874   0x0000001a   Code   RO         3637    i.Serial_SendString  serial.o
    0x0800288e   0x0800288e   0x00000008   Code   RO           24    i.SetSysClock       system_stm32f10x.o
    0x08002896   0x08002896   0x00000002   PAD
    0x08002898   0x08002898   0x000000e0   Code   RO           25    i.SetSysClockTo72   system_stm32f10x.o
    0x08002978   0x08002978   0x00000002   Code   RO         3757    i.SysTick_Handler   stm32f10x_it.o
    0x0800297a   0x0800297a   0x00000002   PAD
    0x0800297c   0x0800297c   0x00000060   Code   RO           27    i.SystemInit        system_stm32f10x.o
    0x080029dc   0x080029dc   0x00000080   Code   RO         2405    i.TI1_Config        stm32f10x_tim.o
    0x08002a5c   0x08002a5c   0x00000098   Code   RO         2406    i.TI2_Config        stm32f10x_tim.o
    0x08002af4   0x08002af4   0x00000090   Code   RO         2407    i.TI3_Config        stm32f10x_tim.o
    0x08002b84   0x08002b84   0x00000098   Code   RO         2408    i.TI4_Config        stm32f10x_tim.o
    0x08002c1c   0x08002c1c   0x00000158   Code   RO         3699    i.TIM1_UP_IRQHandler  main.o
    0x08002d74   0x08002d74   0x00000006   Code   RO         2415    i.TIM_ClearFlag     stm32f10x_tim.o
    0x08002d7a   0x08002d7a   0x00000006   Code   RO         2416    i.TIM_ClearITPendingBit  stm32f10x_tim.o
    0x08002d80   0x08002d80   0x00000018   Code   RO         2421    i.TIM_Cmd           stm32f10x_tim.o
    0x08002d98   0x08002d98   0x00000042   Code   RO         2430    i.TIM_EncoderInterfaceConfig  stm32f10x_tim.o
    0x08002dda   0x08002dda   0x00000006   Code   RO         2440    i.TIM_GetCounter    stm32f10x_tim.o
    0x08002de0   0x08002de0   0x00000022   Code   RO         2442    i.TIM_GetITStatus   stm32f10x_tim.o
    0x08002e02   0x08002e02   0x00000002   PAD
    0x08002e04   0x08002e04   0x000000ac   Code   RO         2444    i.TIM_ICInit        stm32f10x_tim.o
    0x08002eb0   0x08002eb0   0x00000012   Code   RO         2445    i.TIM_ICStructInit  stm32f10x_tim.o
    0x08002ec2   0x08002ec2   0x00000012   Code   RO         2446    i.TIM_ITConfig      stm32f10x_tim.o
    0x08002ed4   0x08002ed4   0x0000000c   Code   RO         2448    i.TIM_InternalClockConfig  stm32f10x_tim.o
    0x08002ee0   0x08002ee0   0x000000a0   Code   RO         2460    i.TIM_OC3Init       stm32f10x_tim.o
    0x08002f80   0x08002f80   0x0000007c   Code   RO         2465    i.TIM_OC4Init       stm32f10x_tim.o
    0x08002ffc   0x08002ffc   0x00000014   Code   RO         2468    i.TIM_OCStructInit  stm32f10x_tim.o
    0x08003010   0x08003010   0x00000004   Code   RO         2484    i.TIM_SetCompare3   stm32f10x_tim.o
    0x08003014   0x08003014   0x00000004   Code   RO         2486    i.TIM_SetCounter    stm32f10x_tim.o
    0x08003018   0x08003018   0x00000012   Code   RO         2487    i.TIM_SetIC1Prescaler  stm32f10x_tim.o
    0x0800302a   0x0800302a   0x0000001a   Code   RO         2488    i.TIM_SetIC2Prescaler  stm32f10x_tim.o
    0x08003044   0x08003044   0x00000012   Code   RO         2489    i.TIM_SetIC3Prescaler  stm32f10x_tim.o
    0x08003056   0x08003056   0x0000001a   Code   RO         2490    i.TIM_SetIC4Prescaler  stm32f10x_tim.o
    0x08003070   0x08003070   0x000000a4   Code   RO         2492    i.TIM_TimeBaseInit  stm32f10x_tim.o
    0x08003114   0x08003114   0x0000007c   Code   RO         3220    i.Timer_Init        timer.o
    0x08003190   0x08003190   0x000000a0   Code   RO         3638    i.USART1_IRQHandler  serial.o
    0x08003230   0x08003230   0x0000001e   Code   RO         2957    i.USART_ClearITPendingBit  stm32f10x_usart.o
    0x0800324e   0x0800324e   0x00000018   Code   RO         2960    i.USART_Cmd         stm32f10x_usart.o
    0x08003266   0x08003266   0x0000001a   Code   RO         2963    i.USART_GetFlagStatus  stm32f10x_usart.o
    0x08003280   0x08003280   0x00000054   Code   RO         2964    i.USART_GetITStatus  stm32f10x_usart.o
    0x080032d4   0x080032d4   0x0000004a   Code   RO         2966    i.USART_ITConfig    stm32f10x_usart.o
    0x0800331e   0x0800331e   0x00000002   PAD
    0x08003320   0x08003320   0x000000d8   Code   RO         2967    i.USART_Init        stm32f10x_usart.o
    0x080033f8   0x080033f8   0x0000000a   Code   RO         2974    i.USART_ReceiveData  stm32f10x_usart.o
    0x08003402   0x08003402   0x00000008   Code   RO         2977    i.USART_SendData    stm32f10x_usart.o
    0x0800340a   0x0800340a   0x00000004   Code   RO         3758    i.UsageFault_Handler  stm32f10x_it.o
    0x0800340e   0x0800340e   0x00000028   Code   RO         4073    i.__ARM_fpclassify  m_ws.l(fpclassify.o)
    0x08003436   0x08003436   0x0000000e   Code   RO         3950    i._is_digit         c_w.l(__printf_wp.o)
    0x08003444   0x08003444   0x00000198   Code   RO         3700    i.main              main.o
    0x080035dc   0x080035dc   0x0000002c   Code   RO         4117    locale$$code        c_w.l(lc_numeric_c.o)
    0x08003608   0x08003608   0x0000002c   Code   RO         4134    locale$$code        c_w.l(lc_ctype_c.o)
    0x08003634   0x08003634   0x0000000c   Code   RO         3989    x$fpl$dretinf       fz_ws.l(dretinf.o)
    0x08003640   0x08003640   0x00000056   Code   RO         3855    x$fpl$f2d           fz_ws.l(f2d.o)
    0x08003696   0x08003696   0x00000002   PAD
    0x08003698   0x08003698   0x000000c4   Code   RO         3857    x$fpl$fadd          fz_ws.l(faddsub_clz.o)
    0x0800375c   0x0800375c   0x00000018   Code   RO         3993    x$fpl$fcmpinf       fz_ws.l(fcmpi.o)
    0x08003774   0x08003774   0x00000036   Code   RO         3863    x$fpl$ffix          fz_ws.l(ffix.o)
    0x080037aa   0x080037aa   0x00000002   PAD
    0x080037ac   0x080037ac   0x00000030   Code   RO         3868    x$fpl$fflt          fz_ws.l(fflt_clz.o)
    0x080037dc   0x080037dc   0x00000068   Code   RO         3873    x$fpl$fleqf         fz_ws.l(fleqf.o)
    0x08003844   0x08003844   0x00000102   Code   RO         3875    x$fpl$fmul          fz_ws.l(fmul.o)
    0x08003946   0x08003946   0x0000008c   Code   RO         3995    x$fpl$fnaninf       fz_ws.l(fnaninf.o)
    0x080039d2   0x080039d2   0x0000000a   Code   RO         3997    x$fpl$fretinf       fz_ws.l(fretinf.o)
    0x080039dc   0x080039dc   0x00000062   Code   RO         3877    x$fpl$frleqf        fz_ws.l(frleqf.o)
    0x08003a3e   0x08003a3e   0x00000014   Code   RO         3858    x$fpl$frsb          fz_ws.l(faddsub_clz.o)
    0x08003a52   0x08003a52   0x00000002   PAD
    0x08003a54   0x08003a54   0x000000ea   Code   RO         3859    x$fpl$fsub          fz_ws.l(faddsub_clz.o)
    0x08003b3e   0x08003b3e   0x00000004   Code   RO         3999    x$fpl$printf1       fz_ws.l(printf1.o)
    0x08003b42   0x08003b42   0x00000004   Code   RO         4001    x$fpl$printf2       fz_ws.l(printf2.o)
    0x08003b46   0x08003b46   0x00000000   Code   RO         4007    x$fpl$usenofp       fz_ws.l(usenofp.o)
    0x08003b46   0x08003b46   0x0000094d   Data   RO         3568    .constdata          oled_data.o
    0x08004493   0x08004493   0x00000001   PAD
    0x08004494   0x08004494   0x00000008   Data   RO         3909    .constdata          c_w.l(_printf_wctomb.o)
    0x0800449c   0x0800449c   0x00000028   Data   RO         3938    .constdata          c_w.l(_printf_hex_int_ll_ptr.o)
    0x080044c4   0x080044c4   0x00000011   Data   RO         3958    .constdata          c_w.l(__printf_flags_ss_wp.o)
    0x080044d5   0x080044d5   0x00000026   Data   RO         4060    .constdata          c_w.l(_printf_fp_hex.o)
    0x080044fb   0x080044fb   0x00000001   PAD
    0x080044fc   0x080044fc   0x00000094   Data   RO         4092    .constdata          c_w.l(bigflt0.o)
    0x08004590   0x08004590   0x00000020   Data   RO         4264    Region$$Table       anon$$obj.o
    0x080045b0   0x080045b0   0x0000001c   Data   RO         4116    locale$$data        c_w.l(lc_numeric_c.o)
    0x080045cc   0x080045cc   0x00000110   Data   RO         4133    locale$$data        c_w.l(lc_ctype_c.o)


    Execution Region RW_IRAM1 (Exec base: 0x20000000, Load base: 0x080046dc, Size: 0x00000b10, Max: 0x00005000, ABSOLUTE)

    Exec Addr    Load Addr    Size         Type   Attr      Idx    E Section Name        Object

    0x20000000   0x080046dc   0x00000014   Data   RW         1805    .data               stm32f10x_rcc.o
    0x20000014   0x080046f0   0x00000004   Data   RW         3260    .data               key.o
    0x20000018   0x080046f4   0x00000003   Data   RW         3641    .data               serial.o
    0x2000001b   0x080046f7   0x00000001   PAD
    0x2000001c   0x080046f8   0x0000002a   Data   RW         3701    .data               main.o
    0x20000046   0x08004722   0x00000002   PAD
    0x20000048        -       0x00000400   Zero   RW         3358    .bss                oled.o
    0x20000448        -       0x00000064   Zero   RW         3640    .bss                serial.o
    0x200004ac        -       0x00000060   Zero   RW         4078    .bss                c_w.l(libspace.o)
    0x2000050c   0x08004722   0x00000004   PAD
    0x20000510        -       0x00000200   Zero   RW            2    HEAP                startup_stm32f10x_md.o
    0x20000710        -       0x00000400   Zero   RW            1    STACK               startup_stm32f10x_md.o


==============================================================================

Image component sizes


      Code (inc. data)   RO Data    RW Data    ZI Data      Debug   Object Name

         0          0          0          0          0       4548   core_cm3.o
       340         22          0          0          0       1174   encoder.o
       176         32          0          4          0       2104   key.o
       752        190          0         42          0       1457   main.o
       132         22          0          0          0     204707   misc.o
       148         10          0          0          0        973   motor.o
      1584         52          0          0       1024      11037   oled.o
         0          0       2381          0          0       1070   oled_data.o
       200          4          0          0          0       1085   pwm.o
       438         34          0          3        100       3448   serial.o
        64         26        236          0       1536        812   startup_stm32f10x_md.o
         0          0          0          0          0       1644   stm32f10x_adc.o
       314          0          0          0          0      12244   stm32f10x_gpio.o
        26          0          0          0          0       3622   stm32f10x_it.o
       276         32          0         20          0      12898   stm32f10x_rcc.o
      1502        170          0          0          0      34516   stm32f10x_tim.o
       472          6          0          0          0      12347   stm32f10x_usart.o
       328         28          0          0          0      45109   system_stm32f10x.o
       124          4          0          0          0        537   timer.o

    ----------------------------------------------------------------------
      6896        632       2650         72       2660     355332   Object Totals
         0          0         32          0          0          0   (incl. Generated)
        20          0          1          3          0          0   (incl. Padding)

    ----------------------------------------------------------------------

      Code (inc. data)   RO Data    RW Data    ZI Data      Debug   Library Member Name

         8          0          0          0          0         68   __main.o
       392          4         17          0          0         92   __printf_flags_ss_wp.o
        14          0          0          0          0         68   __printf_wp.o
         0          0          0          0          0          0   __rtentry.o
        12          0          0          0          0          0   __rtentry2.o
         6          0          0          0          0          0   __rtentry4.o
        52          8          0          0          0          0   __scatter.o
        26          0          0          0          0          0   __scatter_copy.o
        28          0          0          0          0          0   __scatter_zi.o
         6          0          0          0          0          0   _printf_a.o
         6          0          0          0          0          0   _printf_c.o
        44          0          0          0          0        108   _printf_char.o
        48          6          0          0          0         96   _printf_char_common.o
        40          0          0          0          0         68   _printf_charcount.o
         6          0          0          0          0          0   _printf_d.o
       120         16          0          0          0         92   _printf_dec.o
         6          0          0          0          0          0   _printf_e.o
         6          0          0          0          0          0   _printf_f.o
      1054          0          0          0          0        216   _printf_fp_dec.o
       764          8         38          0          0        100   _printf_fp_hex.o
       128         16          0          0          0         84   _printf_fp_infnan.o
         6          0          0          0          0          0   _printf_g.o
       148          4         40          0          0        160   _printf_hex_int_ll_ptr.o
         6          0          0          0          0          0   _printf_i.o
       178          0          0          0          0         88   _printf_intcommon.o
        10          0          0          0          0          0   _printf_l.o
         6          0          0          0          0          0   _printf_lc.o
        10          0          0          0          0          0   _printf_ll.o
         6          0          0          0          0          0   _printf_lld.o
         6          0          0          0          0          0   _printf_lli.o
         6          0          0          0          0          0   _printf_llo.o
         6          0          0          0          0          0   _printf_llu.o
         6          0          0          0          0          0   _printf_llx.o
       124         16          0          0          0         92   _printf_longlong_dec.o
         6          0          0          0          0          0   _printf_ls.o
         6          0          0          0          0          0   _printf_n.o
         6          0          0          0          0          0   _printf_o.o
       112         10          0          0          0        124   _printf_oct_int_ll.o
         6          0          0          0          0          0   _printf_p.o
        78          0          0          0          0        108   _printf_pad.o
         0          0          0          0          0          0   _printf_percent.o
         4          0          0          0          0          0   _printf_percent_end.o
         6          0          0          0          0          0   _printf_s.o
        82          0          0          0          0         80   _printf_str.o
        36          0          0          0          0         84   _printf_truncate.o
         6          0          0          0          0          0   _printf_u.o
        44          0          0          0          0        108   _printf_wchar.o
       188          6          8          0          0         92   _printf_wctomb.o
         6          0          0          0          0          0   _printf_x.o
        10          0          0          0          0         68   _sputc.o
        64          0          0          0          0         92   _wcrtomb.o
       228          4        148          0          0         96   bigflt0.o
      1936        128          0          0          0        672   btod.o
        18          0          0          0          0         80   exit.o
         6          0          0          0          0        152   heapauxi.o
         0          0          0          0          0          0   indicate_semi.o
        44         10        272          0          0         76   lc_ctype_c.o
        44         10         28          0          0         76   lc_numeric_c.o
         2          0          0          0          0          0   libinit.o
        30          0          0          0          0          0   libinit2.o
         2          0          0          0          0          0   libshutdown.o
         2          0          0          0          0          0   libshutdown2.o
         8          4          0          0         96         68   libspace.o
       138          0          0          0          0         80   lludiv10.o
        16          4          0          0          0         76   rt_ctype_table.o
         8          4          0          0          0         68   rt_locale_intlibspace.o
         2          0          0          0          0          0   rtexit.o
        10          0          0          0          0          0   rtexit2.o
       128          0          0          0          0         68   strcmpv7m.o
        12          4          0          0          0         68   sys_exit.o
        74          0          0          0          0         80   sys_stackheap_outer.o
         2          0          0          0          0         68   use_no_semi.o
        36          4          0          0          0         76   vsprintf.o
        12          0          0          0          0         68   dretinf.o
        86          4          0          0          0         84   f2d.o
       450          8          0          0          0        236   faddsub_clz.o
        24          0          0          0          0         68   fcmpi.o
        54          4          0          0          0         84   ffix.o
        48          0          0          0          0         68   fflt_clz.o
       104          4          0          0          0         84   fleqf.o
       258          4          0          0          0         84   fmul.o
       140          4          0          0          0         84   fnaninf.o
        10          0          0          0          0         68   fretinf.o
        98          0          0          0          0         68   frleqf.o
         4          0          0          0          0         68   printf1.o
         4          0          0          0          0         68   printf2.o
         0          0          0          0          0          0   usenofp.o
        40          0          0          0          0         68   fpclassify.o

    ----------------------------------------------------------------------
      8042        294        552          0        100       5092   Library Totals
        20          0          1          0          4          0   (incl. Padding)

    ----------------------------------------------------------------------

      Code (inc. data)   RO Data    RW Data    ZI Data      Debug   Library Name

      6690        266        551          0         96       3892   c_w.l
      1292         28          0          0          0       1132   fz_ws.l
        40          0          0          0          0         68   m_ws.l

    ----------------------------------------------------------------------
      8042        294        552          0        100       5092   Library Totals

    ----------------------------------------------------------------------

==============================================================================


      Code (inc. data)   RO Data    RW Data    ZI Data      Debug   

     14938        926       3202         72       2760     353088   Grand Totals
     14938        926       3202         72       2760     353088   ELF Image Totals
     14938        926       3202         72          0          0   ROM Totals

==============================================================================

    Total RO  Size (Code + RO Data)                18140 (  17.71kB)
    Total RW  Size (RW Data + ZI Data)              2832 (   2.77kB)
    Total ROM Size (Code + RO Data + RW Data)      18212 (  17.79kB)

==============================================================================

